Archive member included to satisfy reference by file (symbol)

contiki-native.a(contiki-main.o)
                              /usr/lib/gcc/i686-linux-gnu/4.8/../../../i386-linux-gnu/crt1.o (main)
contiki-native.a(leds.o)      hello-world.co (leds_toggle)
contiki-native.a(leds-arch.o)
                              contiki-native.a(leds.o) (leds_arch_init)
contiki-native.a(button-sensor.o)
                              contiki-native.a(contiki-main.o) (button_sensor)
contiki-native.a(pir-sensor.o)
                              contiki-native.a(contiki-main.o) (pir_sensor)
contiki-native.a(vib-sensor.o)
                              contiki-native.a(contiki-main.o) (vib_sensor)
contiki-native.a(sensors.o)   contiki-native.a(button-sensor.o) (sensors_changed)
contiki-native.a(autostart.o)
                              contiki-native.a(contiki-main.o) (autostart_start)
contiki-native.a(ctimer.o)    contiki-native.a(contiki-main.o) (ctimer_init)
contiki-native.a(etimer.o)    contiki-native.a(contiki-main.o) (etimer_process)
contiki-native.a(process.o)   contiki-native.a(ctimer.o) (process_current)
contiki-native.a(rtimer.o)    contiki-native.a(contiki-main.o) (rtimer_init)
contiki-native.a(timer.o)     contiki-native.a(etimer.o) (timer_set)
contiki-native.a(serial-line.o)
                              contiki-native.a(contiki-main.o) (serial_line_input_byte)
contiki-native.a(list.o)      contiki-native.a(ctimer.o) (list_init)
contiki-native.a(ringbuf.o)   contiki-native.a(serial-line.o) (ringbuf_init)
contiki-native.a(rime.o)      contiki-native.a(contiki-main.o) (rime_driver)
contiki-native.a(linkaddr.o)  contiki-native.a(contiki-main.o) (linkaddr_set_node_addr)
contiki-native.a(netstack.o)  contiki-native.a(contiki-main.o) (netstack_init)
contiki-native.a(packetbuf.o)
                              contiki-native.a(rime.o) (packetbuf_clear)
contiki-native.a(queuebuf.o)  contiki-native.a(rime.o) (queuebuf_init)
contiki-native.a(nullmac.o)   contiki-native.a(contiki-main.o) (nullmac_driver)
contiki-native.a(nullrdc.o)   contiki-native.a(contiki-main.o) (nullrdc_driver)
contiki-native.a(nullsec.o)   contiki-native.a(rime.o) (nullsec_driver)
contiki-native.a(clock.o)     contiki-native.a(etimer.o) (clock_time)
contiki-native.a(rtimer-arch.o)
                              contiki-native.a(rtimer.o) (rtimer_arch_init)
contiki-native.a(nullradio.o)
                              contiki-native.a(netstack.o) (nullradio_driver)
contiki-native.a(memb.o)      contiki-native.a(queuebuf.o) (memb_init)
contiki-native.a(abc.o)       contiki-native.a(rime.o) (abc_input)
contiki-native.a(announcement.o)
                              contiki-native.a(rime.o) (announcement_init)
contiki-native.a(broadcast-annou)
                              contiki-native.a(rime.o) (broadcast_announcement_init)
contiki-native.a(broadcast.o)
                              contiki-native.a(broadcast-annou) (broadcast_open)
contiki-native.a(chameleon.o)
                              contiki-native.a(rime.o) (chameleon_init)
contiki-native.a(channel.o)   contiki-native.a(chameleon.o) (channel_init)
contiki-native.a(framer-nullmac.)
                              contiki-native.a(nullrdc.o) (framer_nullmac)
contiki-native.a(mac.o)       contiki-native.a(nullrdc.o) (mac_call_sent_callback)
contiki-native.a(random.o)    contiki-native.a(broadcast-annou) (random_rand)
contiki-native.a(chameleon-bitop)
                              contiki-native.a(chameleon.o) (chameleon_bitopt)
/usr/lib/i386-linux-gnu/libc_nonshared.a(elf-init.oS)
                              /usr/lib/gcc/i686-linux-gnu/4.8/../../../i386-linux-gnu/crt1.o (__libc_csu_init)

Allocating common symbols
Common symbol       size              file

linkaddr_node_addr  0x2               contiki-native.a(linkaddr.o)
serial_line_event_message
                    0x1               contiki-native.a(serial-line.o)
packetbuf_attrs     0x34              contiki-native.a(packetbuf.o)
contiki_argv        0x4               contiki-native.a(contiki-main.o)
sensors_event       0x1               contiki-native.a(sensors.o)
packetbuf_addrs     0x8               contiki-native.a(packetbuf.o)
sensors_flags       0x4               contiki-native.a(contiki-main.o)

Discarded input sections

 .note.GNU-stack
                0x0000000000000000        0x0 /usr/lib/gcc/i686-linux-gnu/4.8/../../../i386-linux-gnu/crt1.o
 .gnu_debuglink
                0x0000000000000000        0xc /usr/lib/gcc/i686-linux-gnu/4.8/../../../i386-linux-gnu/crt1.o
 .note.GNU-stack
                0x0000000000000000        0x0 /usr/lib/gcc/i686-linux-gnu/4.8/../../../i386-linux-gnu/crti.o
 .gnu_debuglink
                0x0000000000000000        0xc /usr/lib/gcc/i686-linux-gnu/4.8/../../../i386-linux-gnu/crti.o
 .note.GNU-stack
                0x0000000000000000        0x0 /usr/lib/gcc/i686-linux-gnu/4.8/crtbegin.o
 .note.GNU-stack
                0x0000000000000000        0x0 hello-world.co
 .note.GNU-stack
                0x0000000000000000        0x0 contiki-native.a(contiki-main.o)
 .note.GNU-stack
                0x0000000000000000        0x0 contiki-native.a(leds.o)
 .note.GNU-stack
                0x0000000000000000        0x0 contiki-native.a(leds-arch.o)
 .note.GNU-stack
                0x0000000000000000        0x0 contiki-native.a(button-sensor.o)
 .note.GNU-stack
                0x0000000000000000        0x0 contiki-native.a(pir-sensor.o)
 .note.GNU-stack
                0x0000000000000000        0x0 contiki-native.a(vib-sensor.o)
 .note.GNU-stack
                0x0000000000000000        0x0 contiki-native.a(sensors.o)
 .note.GNU-stack
                0x0000000000000000        0x0 contiki-native.a(autostart.o)
 .note.GNU-stack
                0x0000000000000000        0x0 contiki-native.a(ctimer.o)
 .note.GNU-stack
                0x0000000000000000        0x0 contiki-native.a(etimer.o)
 .note.GNU-stack
                0x0000000000000000        0x0 contiki-native.a(process.o)
 .note.GNU-stack
                0x0000000000000000        0x0 contiki-native.a(rtimer.o)
 .note.GNU-stack
                0x0000000000000000        0x0 contiki-native.a(timer.o)
 .note.GNU-stack
                0x0000000000000000        0x0 contiki-native.a(serial-line.o)
 .note.GNU-stack
                0x0000000000000000        0x0 contiki-native.a(list.o)
 .note.GNU-stack
                0x0000000000000000        0x0 contiki-native.a(ringbuf.o)
 .note.GNU-stack
                0x0000000000000000        0x0 contiki-native.a(rime.o)
 .note.GNU-stack
                0x0000000000000000        0x0 contiki-native.a(linkaddr.o)
 .note.GNU-stack
                0x0000000000000000        0x0 contiki-native.a(netstack.o)
 .note.GNU-stack
                0x0000000000000000        0x0 contiki-native.a(packetbuf.o)
 .note.GNU-stack
                0x0000000000000000        0x0 contiki-native.a(queuebuf.o)
 .note.GNU-stack
                0x0000000000000000        0x0 contiki-native.a(nullmac.o)
 .note.GNU-stack
                0x0000000000000000        0x0 contiki-native.a(nullrdc.o)
 .note.GNU-stack
                0x0000000000000000        0x0 contiki-native.a(nullsec.o)
 .note.GNU-stack
                0x0000000000000000        0x0 contiki-native.a(clock.o)
 .note.GNU-stack
                0x0000000000000000        0x0 contiki-native.a(rtimer-arch.o)
 .note.GNU-stack
                0x0000000000000000        0x0 contiki-native.a(nullradio.o)
 .note.GNU-stack
                0x0000000000000000        0x0 contiki-native.a(memb.o)
 .note.GNU-stack
                0x0000000000000000        0x0 contiki-native.a(abc.o)
 .note.GNU-stack
                0x0000000000000000        0x0 contiki-native.a(announcement.o)
 .note.GNU-stack
                0x0000000000000000        0x0 contiki-native.a(broadcast-annou)
 .note.GNU-stack
                0x0000000000000000        0x0 contiki-native.a(broadcast.o)
 .note.GNU-stack
                0x0000000000000000        0x0 contiki-native.a(chameleon.o)
 .note.GNU-stack
                0x0000000000000000        0x0 contiki-native.a(channel.o)
 .note.GNU-stack
                0x0000000000000000        0x0 contiki-native.a(framer-nullmac.)
 .note.GNU-stack
                0x0000000000000000        0x0 contiki-native.a(mac.o)
 .note.GNU-stack
                0x0000000000000000        0x0 contiki-native.a(random.o)
 .note.GNU-stack
                0x0000000000000000        0x0 contiki-native.a(chameleon-bitop)
 .group         0x0000000000000000        0x8 /usr/lib/i386-linux-gnu/libc_nonshared.a(elf-init.oS)
 .text.__x86.get_pc_thunk.bx
                0x0000000000000000        0x4 /usr/lib/i386-linux-gnu/libc_nonshared.a(elf-init.oS)
 .note.GNU-stack
                0x0000000000000000        0x0 /usr/lib/i386-linux-gnu/libc_nonshared.a(elf-init.oS)
 .note.GNU-stack
                0x0000000000000000        0x0 /usr/lib/gcc/i686-linux-gnu/4.8/crtend.o
 .note.GNU-stack
                0x0000000000000000        0x0 /usr/lib/gcc/i686-linux-gnu/4.8/../../../i386-linux-gnu/crtn.o
 .gnu_debuglink
                0x0000000000000000        0xc /usr/lib/gcc/i686-linux-gnu/4.8/../../../i386-linux-gnu/crtn.o

Memory Configuration

Name             Origin             Length             Attributes
*default*        0x0000000000000000 0xffffffffffffffff

Linker script and memory map

LOAD /usr/lib/gcc/i686-linux-gnu/4.8/../../../i386-linux-gnu/crt1.o
LOAD /usr/lib/gcc/i686-linux-gnu/4.8/../../../i386-linux-gnu/crti.o
LOAD /usr/lib/gcc/i686-linux-gnu/4.8/crtbegin.o
LOAD hello-world.co
LOAD contiki-native.a
LOAD /usr/lib/gcc/i686-linux-gnu/4.8/../../../i386-linux-gnu/libncurses.so
LOAD /lib/i386-linux-gnu/libncurses.so.5
LOAD /usr/lib/gcc/i686-linux-gnu/4.8/../../../i386-linux-gnu/libtinfo.so
LOAD /usr/lib/gcc/i686-linux-gnu/4.8/libgcc.a
LOAD /usr/lib/gcc/i686-linux-gnu/4.8/libgcc_s.so
LOAD /usr/lib/gcc/i686-linux-gnu/4.8/../../../i386-linux-gnu/libc.so
START GROUP
LOAD /lib/i386-linux-gnu/libc.so.6
LOAD /usr/lib/i386-linux-gnu/libc_nonshared.a
LOAD /lib/i386-linux-gnu/ld-linux.so.2
END GROUP
LOAD /usr/lib/gcc/i686-linux-gnu/4.8/libgcc.a
LOAD /usr/lib/gcc/i686-linux-gnu/4.8/libgcc_s.so
LOAD /usr/lib/gcc/i686-linux-gnu/4.8/crtend.o
LOAD /usr/lib/gcc/i686-linux-gnu/4.8/../../../i386-linux-gnu/crtn.o
                0x0000000008048000                PROVIDE (__executable_start, 0x8048000)
                0x0000000008048154                . = (0x8048000 + SIZEOF_HEADERS)

.interp         0x0000000008048154       0x13
 *(.interp)
 .interp        0x0000000008048154       0x13 /usr/lib/gcc/i686-linux-gnu/4.8/../../../i386-linux-gnu/crt1.o

.note.ABI-tag   0x0000000008048168       0x20
 .note.ABI-tag  0x0000000008048168       0x20 /usr/lib/gcc/i686-linux-gnu/4.8/../../../i386-linux-gnu/crt1.o

.note.gnu.build-id
                0x0000000008048188       0x24
 *(.note.gnu.build-id)
 .note.gnu.build-id
                0x0000000008048188       0x24 /usr/lib/gcc/i686-linux-gnu/4.8/../../../i386-linux-gnu/crt1.o

.hash
 *(.hash)

.gnu.hash       0x00000000080481ac      0x76c
 *(.gnu.hash)
 .gnu.hash      0x00000000080481ac      0x76c /usr/lib/gcc/i686-linux-gnu/4.8/../../../i386-linux-gnu/crt1.o

.dynsym         0x0000000008048918      0xeb0
 *(.dynsym)
 .dynsym        0x0000000008048918      0xeb0 /usr/lib/gcc/i686-linux-gnu/4.8/../../../i386-linux-gnu/crt1.o

.dynstr         0x00000000080497c8      0xd70
 *(.dynstr)
 .dynstr        0x00000000080497c8      0xd70 /usr/lib/gcc/i686-linux-gnu/4.8/../../../i386-linux-gnu/crt1.o

.gnu.version    0x000000000804a538      0x1d6
 *(.gnu.version)
 .gnu.version   0x000000000804a538      0x1d6 /usr/lib/gcc/i686-linux-gnu/4.8/../../../i386-linux-gnu/crt1.o

.gnu.version_d  0x000000000804a710        0x0
 *(.gnu.version_d)
 .gnu.version_d
                0x0000000000000000        0x0 /usr/lib/gcc/i686-linux-gnu/4.8/../../../i386-linux-gnu/crt1.o

.gnu.version_r  0x000000000804a710       0x20
 *(.gnu.version_r)
 .gnu.version_r
                0x000000000804a710       0x20 /usr/lib/gcc/i686-linux-gnu/4.8/../../../i386-linux-gnu/crt1.o

.rel.dyn        0x000000000804a730       0x18
 *(.rel.init)
 *(.rel.text .rel.text.* .rel.gnu.linkonce.t.*)
 .rel.text      0x0000000000000000        0x0 /usr/lib/gcc/i686-linux-gnu/4.8/../../../i386-linux-gnu/crt1.o
 *(.rel.fini)
 *(.rel.rodata .rel.rodata.* .rel.gnu.linkonce.r.*)
 *(.rel.data.rel.ro .rel.data.rel.ro.* .rel.gnu.linkonce.d.rel.ro.*)
 *(.rel.data .rel.data.* .rel.gnu.linkonce.d.*)
 .rel.data      0x0000000000000000        0x0 /usr/lib/gcc/i686-linux-gnu/4.8/../../../i386-linux-gnu/crt1.o
 *(.rel.tdata .rel.tdata.* .rel.gnu.linkonce.td.*)
 *(.rel.tbss .rel.tbss.* .rel.gnu.linkonce.tb.*)
 *(.rel.ctors)
 *(.rel.dtors)
 *(.rel.got)
 .rel.got       0x000000000804a730        0x8 /usr/lib/gcc/i686-linux-gnu/4.8/../../../i386-linux-gnu/crt1.o
 *(.rel.bss .rel.bss.* .rel.gnu.linkonce.b.*)
 .rel.bss       0x000000000804a738       0x10 /usr/lib/gcc/i686-linux-gnu/4.8/../../../i386-linux-gnu/crt1.o
 *(.rel.ifunc)

.rel.plt        0x000000000804a748       0xa0
 *(.rel.plt)
 .rel.plt       0x000000000804a748       0xa0 /usr/lib/gcc/i686-linux-gnu/4.8/../../../i386-linux-gnu/crt1.o
                0x000000000804a7e8                PROVIDE (__rel_iplt_start, .)
 *(.rel.iplt)
 .rel.iplt      0x0000000000000000        0x0 /usr/lib/gcc/i686-linux-gnu/4.8/../../../i386-linux-gnu/crt1.o
                0x000000000804a7e8                PROVIDE (__rel_iplt_end, .)

.init           0x000000000804a7e8       0x23
 *(SORT(.init))
 .init          0x000000000804a7e8       0x1e /usr/lib/gcc/i686-linux-gnu/4.8/../../../i386-linux-gnu/crti.o
                0x000000000804a7e8                _init
 .init          0x000000000804a806        0x5 /usr/lib/gcc/i686-linux-gnu/4.8/../../../i386-linux-gnu/crtn.o

.plt            0x000000000804a810      0x150
 *(.plt)
 .plt           0x000000000804a810      0x150 /usr/lib/gcc/i686-linux-gnu/4.8/../../../i386-linux-gnu/crt1.o
                0x000000000804a820                setitimer@@GLIBC_2.0
                0x000000000804a830                read@@GLIBC_2.0
                0x000000000804a840                printf@@GLIBC_2.0
                0x000000000804a850                memcpy@@GLIBC_2.0
                0x000000000804a860                signal@@GLIBC_2.0
                0x000000000804a870                memcmp@@GLIBC_2.0
                0x000000000804a880                gettimeofday@@GLIBC_2.0
                0x000000000804a890                select@@GLIBC_2.0
                0x000000000804a8a0                perror@@GLIBC_2.0
                0x000000000804a8b0                puts@@GLIBC_2.0
                0x000000000804a8d0                srand@@GLIBC_2.0
                0x000000000804a8e0                strlen@@GLIBC_2.0
                0x000000000804a8f0                __libc_start_main@@GLIBC_2.0
                0x000000000804a900                fprintf@@GLIBC_2.0
                0x000000000804a910                setvbuf@@GLIBC_2.0
                0x000000000804a920                memset@@GLIBC_2.0
                0x000000000804a930                __errno_location@@GLIBC_2.0
                0x000000000804a940                rand@@GLIBC_2.0
                0x000000000804a950                strncmp@@GLIBC_2.0
 *(.iplt)
 .iplt          0x0000000000000000        0x0 /usr/lib/gcc/i686-linux-gnu/4.8/../../../i386-linux-gnu/crt1.o

.text           0x000000000804a960     0x3fc2
 *(.text.unlikely .text.*_unlikely .text.unlikely.*)
 *(.text.exit .text.exit.*)
 *(.text.startup .text.startup.*)
 *(.text.hot .text.hot.*)
 *(.text .stub .text.* .gnu.linkonce.t.*)
 .text          0x000000000804a960       0x22 /usr/lib/gcc/i686-linux-gnu/4.8/../../../i386-linux-gnu/crt1.o
                0x000000000804a960                _start
 .text          0x000000000804a982        0x0 /usr/lib/gcc/i686-linux-gnu/4.8/../../../i386-linux-gnu/crti.o
 *fill*         0x000000000804a982        0xe 
 .gnu.linkonce.t.__x86.get_pc_thunk.bx
                0x000000000804a990        0x4 /usr/lib/gcc/i686-linux-gnu/4.8/../../../i386-linux-gnu/crti.o
                0x000000000804a990                __x86.get_pc_thunk.bx
 *fill*         0x000000000804a994        0xc 
 .text          0x000000000804a9a0       0xbd /usr/lib/gcc/i686-linux-gnu/4.8/crtbegin.o
 .text          0x000000000804aa5d       0x62 hello-world.co
 .text          0x000000000804aabf      0x469 contiki-native.a(contiki-main.o)
                0x000000000804aabf                select_set_callback
                0x000000000804ac9b                main
                0x000000000804aed9                log_message
                0x000000000804af04                uip_log
 .text          0x000000000804af28      0x134 contiki-native.a(leds.o)
                0x000000000804af79                leds_init
                0x000000000804af8d                leds_blink
                0x000000000804afc5                leds_get
                0x000000000804afd2                leds_set
                0x000000000804afec                leds_on
                0x000000000804b00f                leds_off
                0x000000000804b039                leds_toggle
 .text          0x000000000804b05c       0x2f contiki-native.a(leds-arch.o)
                0x000000000804b05c                leds_arch_init
                0x000000000804b068                leds_arch_get
                0x000000000804b074                leds_arch_set
 .text          0x000000000804b08b       0x32 contiki-native.a(button-sensor.o)
                0x000000000804b08b                button_press
 .text          0x000000000804b0bd       0x42 contiki-native.a(pir-sensor.o)
                0x000000000804b0bd                pir_sensor_changed
 .text          0x000000000804b0ff       0x3f contiki-native.a(vib-sensor.o)
                0x000000000804b0ff                vib_sensor_changed
 .text          0x000000000804b13e      0x2a1 contiki-native.a(sensors.o)
                0x000000000804b179                sensors_first
                0x000000000804b183                sensors_next
                0x000000000804b1a0                sensors_changed
                0x000000000804b1cf                sensors_find
 .text          0x000000000804b3df       0x8e contiki-native.a(autostart.o)
                0x000000000804b3df                autostart_start
                0x000000000804b42a                autostart_exit
 .text          0x000000000804b46d      0x334 contiki-native.a(ctimer.o)
                0x000000000804b584                ctimer_init
                0x000000000804b5b4                ctimer_set
                0x000000000804b5e5                ctimer_set_with_process
                0x000000000804b661                ctimer_reset
                0x000000000804b6b0                ctimer_restart
                0x000000000804b6ff                ctimer_stop
                0x000000000804b74a                ctimer_expired
 .text          0x000000000804b7a1      0x40b contiki-native.a(etimer.o)
                0x000000000804b9b4                etimer_request_poll
                0x000000000804ba38                etimer_set
                0x000000000804ba5d                etimer_reset_with_new_interval
                0x000000000804ba84                etimer_reset
                0x000000000804baa2                etimer_restart
                0x000000000804bac0                etimer_adjust
                0x000000000804badc                etimer_expired
                0x000000000804baef                etimer_expiration_time
                0x000000000804bb01                etimer_start_time
                0x000000000804bb0b                etimer_pending
                0x000000000804bb1d                etimer_next_expiration_time
                0x000000000804bb37                etimer_stop
 .text          0x000000000804bbac      0x560 contiki-native.a(process.o)
                0x000000000804bbac                process_alloc_event
                0x000000000804bbc1                process_start
                0x000000000804bdaa                process_exit
                0x000000000804bdc6                process_init
                0x000000000804bf97                process_run
                0x000000000804bfca                process_nevents
                0x000000000804bfe5                process_post
                0x000000000804c091                process_post_synch
                0x000000000804c0c9                process_poll
                0x000000000804c0f8                process_is_running
 .text          0x000000000804c10c       0xcf contiki-native.a(rtimer.o)
                0x000000000804c10c                rtimer_init
                0x000000000804c119                rtimer_set
                0x000000000804c181                rtimer_run_next
 .text          0x000000000804c1db       0x91 contiki-native.a(timer.o)
                0x000000000804c1db                timer_set
                0x000000000804c1f6                timer_reset
                0x000000000804c20d                timer_restart
                0x000000000804c21f                timer_expired
                0x000000000804c248                timer_remaining
 .text          0x000000000804c26c      0x1fb contiki-native.a(serial-line.o)
                0x000000000804c26c                serial_line_input_byte
                0x000000000804c42f                serial_line_init
 .text          0x000000000804c467      0x244 contiki-native.a(list.o)
                0x000000000804c467                list_init
                0x000000000804c475                list_head
                0x000000000804c47f                list_copy
                0x000000000804c48e                list_tail
                0x000000000804c4c4                list_add
                0x000000000804c50d                list_push
                0x000000000804c539                list_chop
                0x000000000804c5a3                list_pop
                0x000000000804c5cb                list_remove
                0x000000000804c632                list_length
                0x000000000804c660                list_insert
                0x000000000804c694                list_item_next
 .text          0x000000000804c6ab      0x155 contiki-native.a(ringbuf.o)
                0x000000000804c6ab                ringbuf_init
                0x000000000804c6dc                ringbuf_put
                0x000000000804c75a                ringbuf_get
                0x000000000804c7c7                ringbuf_size
                0x000000000804c7d9                ringbuf_elements
 .text          0x000000000804c800      0x188 contiki-native.a(rime.o)
                0x000000000804c800                rime_sniffer_add
                0x000000000804c81c                rime_sniffer_remove
                0x000000000804c94b                rime_output
 .text          0x000000000804c988       0x67 contiki-native.a(linkaddr.o)
                0x000000000804c988                linkaddr_copy
                0x000000000804c9aa                linkaddr_cmp
                0x000000000804c9d4                linkaddr_set_node_addr
 .text          0x000000000804c9ef       0x2b contiki-native.a(netstack.o)
                0x000000000804c9ef                netstack_init
 .text          0x000000000804ca1a      0x4e7 contiki-native.a(packetbuf.o)
                0x000000000804ca1a                packetbuf_clear
                0x000000000804ca51                packetbuf_clear_hdr
                0x000000000804ca5d                packetbuf_copyfrom
                0x000000000804caaf                packetbuf_compact
                0x000000000804cb1b                packetbuf_copyto_hdr
                0x000000000804cb6e                packetbuf_copyto
                0x000000000804cc40                packetbuf_hdralloc
                0x000000000804cc8a                packetbuf_hdr_remove
                0x000000000804cca2                packetbuf_hdrreduce
                0x000000000804ccea                packetbuf_set_datalen
                0x000000000804cd03                packetbuf_dataptr
                0x000000000804cd1c                packetbuf_hdrptr
                0x000000000804cd33                packetbuf_datalen
                0x000000000804cd3f                packetbuf_hdrlen
                0x000000000804cd6d                packetbuf_totlen
                0x000000000804cd83                packetbuf_attr_clear
                0x000000000804cdd8                packetbuf_attr_copyto
                0x000000000804ce16                packetbuf_attr_copyfrom
                0x000000000804ce54                packetbuf_set_attr
                0x000000000804ce7e                packetbuf_attr
                0x000000000804ce98                packetbuf_set_addr
                0x000000000804cec9                packetbuf_addr
                0x000000000804cee5                packetbuf_holds_broadcast
 .text          0x000000000804cf01      0x2b3 contiki-native.a(queuebuf.o)
                0x000000000804cf0b                queuebuf_init
                0x000000000804cf2b                queuebuf_numfree
                0x000000000804cf3f                queuebuf_new_from_packetbuf
                0x000000000804cfcf                queuebuf_update_attr_from_packetbuf
                0x000000000804d002                queuebuf_update_from_packetbuf
                0x000000000804d04c                queuebuf_free
                0x000000000804d093                queuebuf_to_packetbuf
                0x000000000804d0f9                queuebuf_dataptr
                0x000000000804d130                queuebuf_datalen
                0x000000000804d153                queuebuf_addr
                0x000000000804d184                queuebuf_attr
                0x000000000804d1af                queuebuf_debug_print
 .text          0x000000000804d1b4       0x5e contiki-native.a(nullmac.o)
 .text          0x000000000804d212      0x1b5 contiki-native.a(nullrdc.o)
 .text          0x000000000804d3c7       0x44 contiki-native.a(nullsec.o)
 .text          0x000000000804d40b       0x66 contiki-native.a(clock.o)
                0x000000000804d40b                clock_time
                0x000000000804d44e                clock_seconds
                0x000000000804d46c                clock_delay
 .text          0x000000000804d471       0xd1 contiki-native.a(rtimer-arch.o)
                0x000000000804d491                rtimer_arch_init
                0x000000000804d4ad                rtimer_arch_schedule
 .text          0x000000000804d542       0xce contiki-native.a(nullradio.o)
 .text          0x000000000804d610      0x1c1 contiki-native.a(memb.o)
                0x000000000804d610                memb_init
                0x000000000804d66e                memb_alloc
                0x000000000804d6d3                memb_free
                0x000000000804d74e                memb_inmemb
                0x000000000804d78d                memb_numfree
 .text          0x000000000804d7d1       0xc9 contiki-native.a(abc.o)
                0x000000000804d7d1                abc_open
                0x000000000804d810                abc_close
                0x000000000804d823                abc_send
                0x000000000804d836                abc_input
                0x000000000804d860                abc_sent
 .text          0x000000000804d89a      0x2a6 contiki-native.a(announcement.o)
                0x000000000804d89a                announcement_init
                0x000000000804d8af                announcement_register
                0x000000000804d93b                announcement_remove
                0x000000000804d957                announcement_remove_value
                0x000000000804d9a3                announcement_set_value
                0x000000000804da19                announcement_bump
                0x000000000804da77                announcement_listen
                0x000000000804da95                announcement_register_listen_callback
                0x000000000804daa2                announcement_register_observer_callback
                0x000000000804daaf                announcement_list
                0x000000000804dac4                announcement_heard
 .text          0x000000000804db40      0x299 contiki-native.a(broadcast-annou)
                0x000000000804dd54                broadcast_announcement_init
                0x000000000804dda3                broadcast_announcement_stop
                0x000000000804ddcf                broadcast_announcement_beacon_interval
 .text          0x000000000804ddd9      0x107 contiki-native.a(broadcast.o)
                0x000000000804de5f                broadcast_open
                0x000000000804dea6                broadcast_close
                0x000000000804deb9                broadcast_send
 .text          0x000000000804dee0       0xa2 contiki-native.a(chameleon.o)
                0x000000000804dee0                chameleon_init
                0x000000000804deed                chameleon_parse
                0x000000000804df29                chameleon_create
                0x000000000804df6d                chameleon_hdrsize
 .text          0x000000000804df82       0xeb contiki-native.a(channel.o)
                0x000000000804df82                channel_init
                0x000000000804df97                channel_set_attributes
                0x000000000804dfd7                channel_open
                0x000000000804e005                channel_close
                0x000000000804e021                channel_lookup
 .text          0x000000000804e06d       0xbc contiki-native.a(framer-nullmac.)
 .text          0x000000000804e129       0x3c contiki-native.a(mac.o)
                0x000000000804e129                mac_call_sent_callback
 .text          0x000000000804e165       0x28 contiki-native.a(random.o)
                0x000000000804e165                random_init
                0x000000000804e180                random_rand
 .text          0x000000000804e18d      0x71a contiki-native.a(chameleon-bitop)
                0x000000000804e23f                get_bits
                0x000000000804e3a9                set_bits_in_byte
                0x000000000804e3fe                set_bits
 *fill*         0x000000000804e8a7        0x9 
 .text          0x000000000804e8b0       0x72 /usr/lib/i386-linux-gnu/libc_nonshared.a(elf-init.oS)
                0x000000000804e8b0                __libc_csu_init
                0x000000000804e920                __libc_csu_fini
 .text          0x000000000804e922        0x0 /usr/lib/gcc/i686-linux-gnu/4.8/crtend.o
 .text          0x000000000804e922        0x0 /usr/lib/gcc/i686-linux-gnu/4.8/../../../i386-linux-gnu/crtn.o
 *(.gnu.warning)

.fini           0x000000000804e924       0x14
 *(SORT(.fini))
 .fini          0x000000000804e924        0xf /usr/lib/gcc/i686-linux-gnu/4.8/../../../i386-linux-gnu/crti.o
                0x000000000804e924                _fini
 .fini          0x000000000804e933        0x5 /usr/lib/gcc/i686-linux-gnu/4.8/../../../i386-linux-gnu/crtn.o
                0x000000000804e938                PROVIDE (__etext, .)
                0x000000000804e938                PROVIDE (_etext, .)
                0x000000000804e938                PROVIDE (etext, .)

.rodata         0x000000000804e940      0x274
 *(.rodata .rodata.* .gnu.linkonce.r.*)
 .rodata        0x000000000804e940        0x4 /usr/lib/gcc/i686-linux-gnu/4.8/../../../i386-linux-gnu/crt1.o
                0x000000000804e940                _fp_hw
 .rodata.cst4   0x000000000804e944        0x4 /usr/lib/gcc/i686-linux-gnu/4.8/../../../i386-linux-gnu/crt1.o
                0x000000000804e944                _IO_stdin_used
 .rodata        0x000000000804e948       0x4c hello-world.co
                0x000000000804e95c                autostart_processes
 .rodata        0x000000000804e994       0x79 contiki-native.a(contiki-main.o)
 *fill*         0x000000000804ea0d        0x3 
 .rodata        0x000000000804ea10       0x18 contiki-native.a(button-sensor.o)
                0x000000000804ea18                button_sensor
 .rodata        0x000000000804ea28       0x14 contiki-native.a(pir-sensor.o)
                0x000000000804ea2c                pir_sensor
 .rodata        0x000000000804ea3c       0x1c contiki-native.a(vib-sensor.o)
                0x000000000804ea48                vib_sensor
 .rodata        0x000000000804ea58        0x8 contiki-native.a(sensors.o)
 .rodata        0x000000000804ea60        0xf contiki-native.a(ctimer.o)
 .rodata        0x000000000804ea6f        0xc contiki-native.a(etimer.o)
 .rodata        0x000000000804ea7b        0xe contiki-native.a(serial-line.o)
 *fill*         0x000000000804ea89        0x3 
 .rodata        0x000000000804ea8c       0x14 contiki-native.a(rime.o)
                0x000000000804ea94                rime_driver
 .rodata        0x000000000804eaa0        0x2 contiki-native.a(linkaddr.o)
                0x000000000804eaa0                linkaddr_null
 *fill*         0x000000000804eaa2        0x2 
 .rodata        0x000000000804eaa4       0x24 contiki-native.a(nullmac.o)
                0x000000000804eaac                nullmac_driver
 *fill*         0x000000000804eac8       0x18 
 .rodata        0x000000000804eae0       0x40 contiki-native.a(nullrdc.o)
                0x000000000804eb00                nullrdc_driver
 .rodata        0x000000000804eb20       0x18 contiki-native.a(nullsec.o)
                0x000000000804eb28                nullsec_driver
 *fill*         0x000000000804eb38        0x8 
 .rodata        0x000000000804eb40       0x38 contiki-native.a(nullradio.o)
                0x000000000804eb40                nullradio_driver
 .rodata        0x000000000804eb78        0x2 contiki-native.a(abc.o)
 *fill*         0x000000000804eb7a        0x2 
 .rodata        0x000000000804eb7c        0x8 contiki-native.a(broadcast-annou)
 .rodata        0x000000000804eb84        0xc contiki-native.a(broadcast.o)
 .rodata        0x000000000804eb90        0xc contiki-native.a(framer-nullmac.)
                0x000000000804eb90                framer_nullmac
 .rodata        0x000000000804eb9c       0x18 contiki-native.a(chameleon-bitop)
                0x000000000804eba8                chameleon_bitopt

.rodata1
 *(.rodata1)

.eh_frame_hdr   0x000000000804ebb4      0x7d4
 *(.eh_frame_hdr)
 .eh_frame_hdr  0x000000000804ebb4      0x7d4 hello-world.co

.eh_frame       0x000000000804f388     0x1fa0
 *(.eh_frame)
 .eh_frame      0x000000000804f388       0x3c /usr/lib/gcc/i686-linux-gnu/4.8/../../../i386-linux-gnu/crt1.o
                                         0x40 (size before relaxing)
 .eh_frame      0x000000000804f3c4       0x20 hello-world.co
                                         0x38 (size before relaxing)
 .eh_frame      0x000000000804f3e4       0xdc contiki-native.a(contiki-main.o)
                                         0xf4 (size before relaxing)
 .eh_frame      0x000000000804f4c0      0x100 contiki-native.a(leds.o)
                                        0x118 (size before relaxing)
 .eh_frame      0x000000000804f5c0       0x60 contiki-native.a(leds-arch.o)
                                         0x78 (size before relaxing)
 .eh_frame      0x000000000804f620       0x80 contiki-native.a(button-sensor.o)
                                         0x98 (size before relaxing)
 .eh_frame      0x000000000804f6a0       0x80 contiki-native.a(pir-sensor.o)
                                         0x98 (size before relaxing)
 .eh_frame      0x000000000804f720       0x80 contiki-native.a(vib-sensor.o)
                                         0x98 (size before relaxing)
 .eh_frame      0x000000000804f7a0       0xc0 contiki-native.a(sensors.o)
                                         0xd8 (size before relaxing)
 .eh_frame      0x000000000804f860       0x40 contiki-native.a(autostart.o)
                                         0x58 (size before relaxing)
 .eh_frame      0x000000000804f8a0      0x100 contiki-native.a(ctimer.o)
                                        0x118 (size before relaxing)
 .eh_frame      0x000000000804f9a0      0x1e0 contiki-native.a(etimer.o)
                                        0x1f8 (size before relaxing)
 .eh_frame      0x000000000804fb80      0x1c8 contiki-native.a(process.o)
                                        0x1e0 (size before relaxing)
 .eh_frame      0x000000000804fd48       0x60 contiki-native.a(rtimer.o)
                                         0x78 (size before relaxing)
 .eh_frame      0x000000000804fda8       0xa4 contiki-native.a(timer.o)
                                         0xbc (size before relaxing)
 .eh_frame      0x000000000804fe4c       0x60 contiki-native.a(serial-line.o)
                                         0x78 (size before relaxing)
 .eh_frame      0x000000000804feac      0x180 contiki-native.a(list.o)
                                        0x198 (size before relaxing)
 .eh_frame      0x000000000805002c       0xa0 contiki-native.a(ringbuf.o)
                                         0xb8 (size before relaxing)
 .eh_frame      0x00000000080500cc       0xc0 contiki-native.a(rime.o)
                                         0xd8 (size before relaxing)
 .eh_frame      0x000000000805018c       0x60 contiki-native.a(linkaddr.o)
                                         0x78 (size before relaxing)
 .eh_frame      0x00000000080501ec       0x20 contiki-native.a(netstack.o)
                                         0x38 (size before relaxing)
 .eh_frame      0x000000000805020c      0x2ec contiki-native.a(packetbuf.o)
                                        0x304 (size before relaxing)
 .eh_frame      0x00000000080504f8      0x1a0 contiki-native.a(queuebuf.o)
                                        0x1b8 (size before relaxing)
 .eh_frame      0x0000000008050698       0xc0 contiki-native.a(nullmac.o)
                                         0xd8 (size before relaxing)
 .eh_frame      0x0000000008050758      0x108 contiki-native.a(nullrdc.o)
                                        0x120 (size before relaxing)
 .eh_frame      0x0000000008050860       0x60 contiki-native.a(nullsec.o)
                                         0x78 (size before relaxing)
 .eh_frame      0x00000000080508c0       0x64 contiki-native.a(clock.o)
                                         0x7c (size before relaxing)
 .eh_frame      0x0000000008050924       0x60 contiki-native.a(rtimer-arch.o)
                                         0x78 (size before relaxing)
 .eh_frame      0x0000000008050984      0x1c0 contiki-native.a(nullradio.o)
                                        0x1d8 (size before relaxing)
 .eh_frame      0x0000000008050b44       0xa0 contiki-native.a(memb.o)
                                         0xb8 (size before relaxing)
 .eh_frame      0x0000000008050be4       0xa0 contiki-native.a(abc.o)
                                         0xb8 (size before relaxing)
 .eh_frame      0x0000000008050c84      0x174 contiki-native.a(announcement.o)
                                        0x18c (size before relaxing)
 .eh_frame      0x0000000008050df8      0x12c contiki-native.a(broadcast-annou)
                                        0x144 (size before relaxing)
 .eh_frame      0x0000000008050f24       0xa0 contiki-native.a(broadcast.o)
                                         0xb8 (size before relaxing)
 .eh_frame      0x0000000008050fc4       0x80 contiki-native.a(chameleon.o)
                                         0x98 (size before relaxing)
 .eh_frame      0x0000000008051044       0xa0 contiki-native.a(channel.o)
                                         0xb8 (size before relaxing)
 .eh_frame      0x00000000080510e4       0x60 contiki-native.a(framer-nullmac.)
                                         0x78 (size before relaxing)
 .eh_frame      0x0000000008051144       0x20 contiki-native.a(mac.o)
                                         0x38 (size before relaxing)
 .eh_frame      0x0000000008051164       0x40 contiki-native.a(random.o)
                                         0x58 (size before relaxing)
 .eh_frame      0x00000000080511a4      0x130 contiki-native.a(chameleon-bitop)
                                        0x148 (size before relaxing)
 .eh_frame      0x00000000080512d4       0x50 /usr/lib/i386-linux-gnu/libc_nonshared.a(elf-init.oS)
                                         0x7c (size before relaxing)
 .eh_frame      0x0000000008051324        0x4 /usr/lib/gcc/i686-linux-gnu/4.8/crtend.o

.gcc_except_table
 *(.gcc_except_table .gcc_except_table.*)

.exception_ranges
 *(.exception_ranges .exception_ranges*)
                0x0000000008051328                . = (ALIGN (0x1000) - ((0x1000 - .) & 0xfff))
                0x0000000008052f08                . = DATA_SEGMENT_ALIGN (0x1000, 0x1000)

.eh_frame
 *(.eh_frame)

.gcc_except_table
 *(.gcc_except_table .gcc_except_table.*)

.exception_ranges
 *(.exception_ranges .exception_ranges*)

.tdata
 *(.tdata .tdata.* .gnu.linkonce.td.*)

.tbss
 *(.tbss .tbss.* .gnu.linkonce.tb.*)
 *(.tcommon)

.preinit_array  0x0000000008052f08        0x0
                0x0000000008052f08                PROVIDE (__preinit_array_start, .)
 *(.preinit_array)
                0x0000000008052f08                PROVIDE (__preinit_array_end, .)

.init_array     0x0000000008052f08        0x4
                0x0000000008052f08                PROVIDE (__init_array_start, .)
 *(SORT(.init_array.*) SORT(.ctors.*))
 *(.init_array EXCLUDE_FILE(*crtend?.o *crtend.o *crtbegin?.o *crtbegin.o) .ctors)
 .init_array    0x0000000008052f08        0x4 /usr/lib/gcc/i686-linux-gnu/4.8/crtbegin.o
                0x0000000008052f0c                PROVIDE (__init_array_end, .)

.fini_array     0x0000000008052f0c        0x4
                0x0000000008052f0c                PROVIDE (__fini_array_start, .)
 *(SORT(.fini_array.*) SORT(.dtors.*))
 *(.fini_array EXCLUDE_FILE(*crtend?.o *crtend.o *crtbegin?.o *crtbegin.o) .dtors)
 .fini_array    0x0000000008052f0c        0x4 /usr/lib/gcc/i686-linux-gnu/4.8/crtbegin.o
                0x0000000008052f10                PROVIDE (__fini_array_end, .)

.ctors
 *crtbegin.o(.ctors)
 *crtbegin?.o(.ctors)
 *(EXCLUDE_FILE(*crtend?.o *crtend.o) .ctors)
 *(SORT(.ctors.*))
 *(.ctors)

.dtors
 *crtbegin.o(.dtors)
 *crtbegin?.o(.dtors)
 *(EXCLUDE_FILE(*crtend?.o *crtend.o) .dtors)
 *(SORT(.dtors.*))
 *(.dtors)

.jcr            0x0000000008052f10        0x4
 *(.jcr)
 .jcr           0x0000000008052f10        0x0 /usr/lib/gcc/i686-linux-gnu/4.8/crtbegin.o
 .jcr           0x0000000008052f10        0x4 /usr/lib/gcc/i686-linux-gnu/4.8/crtend.o

.data.rel.ro
 *(.data.rel.ro.local* .gnu.linkonce.d.rel.ro.local.*)
 *(.data.rel.ro .data.rel.ro.* .gnu.linkonce.d.rel.ro.*)

.dynamic        0x0000000008052f14       0xe8
 *(.dynamic)
 .dynamic       0x0000000008052f14       0xe8 /usr/lib/gcc/i686-linux-gnu/4.8/../../../i386-linux-gnu/crt1.o
                0x0000000008052f14                _DYNAMIC

.got            0x0000000008052ffc        0x4
 *(.got)
 .got           0x0000000008052ffc        0x4 /usr/lib/gcc/i686-linux-gnu/4.8/../../../i386-linux-gnu/crt1.o
 *(.igot)
                0x0000000008053ff4                . = DATA_SEGMENT_RELRO_END (., (SIZEOF (.got.plt) >= 0xc)?0xc:0x0)

.got.plt        0x0000000008053000       0x5c
 *(.got.plt)
 .got.plt       0x0000000008053000       0x5c /usr/lib/gcc/i686-linux-gnu/4.8/../../../i386-linux-gnu/crt1.o
                0x0000000008053000                _GLOBAL_OFFSET_TABLE_
 *(.igot.plt)
 .igot.plt      0x0000000000000000        0x0 /usr/lib/gcc/i686-linux-gnu/4.8/../../../i386-linux-gnu/crt1.o

.data           0x000000000805305c       0xa0
 *(.data .data.* .gnu.linkonce.d.*)
 .data          0x000000000805305c        0x4 /usr/lib/gcc/i686-linux-gnu/4.8/../../../i386-linux-gnu/crt1.o
                0x000000000805305c                data_start
                0x000000000805305c                __data_start
 .data          0x0000000008053060        0x0 /usr/lib/gcc/i686-linux-gnu/4.8/../../../i386-linux-gnu/crti.o
 .data          0x0000000008053060        0x4 /usr/lib/gcc/i686-linux-gnu/4.8/crtbegin.o
                0x0000000008053060                __dso_handle
 .data          0x0000000008053064       0x10 hello-world.co
                0x0000000008053064                hello_world_process
 .data          0x0000000008053074       0x1a contiki-native.a(contiki-main.o)
                0x0000000008053074                sensors
 .data          0x000000000805308e        0x0 contiki-native.a(leds.o)
 .data          0x000000000805308e        0x0 contiki-native.a(leds-arch.o)
 .data          0x000000000805308e        0x0 contiki-native.a(button-sensor.o)
 .data          0x000000000805308e        0x0 contiki-native.a(pir-sensor.o)
 .data          0x000000000805308e        0x0 contiki-native.a(vib-sensor.o)
 *fill*         0x000000000805308e        0x2 
 .data          0x0000000008053090       0x10 contiki-native.a(sensors.o)
                0x0000000008053090                sensors_process
 .data          0x00000000080530a0        0x0 contiki-native.a(autostart.o)
 .data          0x00000000080530a0       0x14 contiki-native.a(ctimer.o)
                0x00000000080530a4                ctimer_process
 .data          0x00000000080530b4       0x10 contiki-native.a(etimer.o)
                0x00000000080530b4                etimer_process
 .data          0x00000000080530c4        0x0 contiki-native.a(process.o)
 .data          0x00000000080530c4        0x0 contiki-native.a(rtimer.o)
 .data          0x00000000080530c4        0x0 contiki-native.a(timer.o)
 .data          0x00000000080530c4       0x10 contiki-native.a(serial-line.o)
                0x00000000080530c4                serial_line_process
 .data          0x00000000080530d4        0x0 contiki-native.a(list.o)
 .data          0x00000000080530d4        0x0 contiki-native.a(ringbuf.o)
 .data          0x00000000080530d4        0x4 contiki-native.a(rime.o)
 .data          0x00000000080530d8        0x0 contiki-native.a(linkaddr.o)
 .data          0x00000000080530d8        0x0 contiki-native.a(netstack.o)
 .data          0x00000000080530d8        0x4 contiki-native.a(packetbuf.o)
 .data          0x00000000080530dc       0x18 contiki-native.a(queuebuf.o)
 .data          0x00000000080530f4        0x0 contiki-native.a(nullmac.o)
 .data          0x00000000080530f4        0x0 contiki-native.a(nullrdc.o)
 .data          0x00000000080530f4        0x0 contiki-native.a(nullsec.o)
 .data          0x00000000080530f4        0x0 contiki-native.a(clock.o)
 .data          0x00000000080530f4        0x0 contiki-native.a(rtimer-arch.o)
 .data          0x00000000080530f4        0x0 contiki-native.a(nullradio.o)
 .data          0x00000000080530f4        0x0 contiki-native.a(memb.o)
 .data          0x00000000080530f4        0x0 contiki-native.a(abc.o)
 .data          0x00000000080530f4        0x4 contiki-native.a(announcement.o)
 .data          0x00000000080530f8        0x0 contiki-native.a(broadcast-annou)
 .data          0x00000000080530f8        0x0 contiki-native.a(broadcast.o)
 .data          0x00000000080530f8        0x0 contiki-native.a(chameleon.o)
 .data          0x00000000080530f8        0x4 contiki-native.a(channel.o)
 .data          0x00000000080530fc        0x0 contiki-native.a(framer-nullmac.)
 .data          0x00000000080530fc        0x0 contiki-native.a(mac.o)
 .data          0x00000000080530fc        0x0 contiki-native.a(random.o)
 .data          0x00000000080530fc        0x0 contiki-native.a(chameleon-bitop)
 .data          0x00000000080530fc        0x0 /usr/lib/i386-linux-gnu/libc_nonshared.a(elf-init.oS)
 .data          0x00000000080530fc        0x0 /usr/lib/gcc/i686-linux-gnu/4.8/crtend.o
 .data          0x00000000080530fc        0x0 /usr/lib/gcc/i686-linux-gnu/4.8/../../../i386-linux-gnu/crtn.o

.tm_clone_table
                0x00000000080530fc        0x0
 .tm_clone_table
                0x00000000080530fc        0x0 /usr/lib/gcc/i686-linux-gnu/4.8/crtbegin.o
 .tm_clone_table
                0x00000000080530fc        0x0 /usr/lib/gcc/i686-linux-gnu/4.8/crtend.o

.data1
 *(.data1)
                0x00000000080530fc                _edata = .
                0x00000000080530fc                PROVIDE (edata, .)
                0x00000000080530fc                . = .
                0x00000000080530fc                __bss_start = .

.bss            0x0000000008053100      0xbdc
 *(.dynbss)
 .dynbss        0x0000000008053100       0x24 /usr/lib/gcc/i686-linux-gnu/4.8/../../../i386-linux-gnu/crt1.o
                0x0000000008053100                stderr@@GLIBC_2.0
                0x0000000008053120                stdout@@GLIBC_2.0
 *(.bss .bss.* .gnu.linkonce.b.*)
 .bss           0x0000000008053124        0x0 /usr/lib/gcc/i686-linux-gnu/4.8/../../../i386-linux-gnu/crt1.o
 .bss           0x0000000008053124        0x0 /usr/lib/gcc/i686-linux-gnu/4.8/../../../i386-linux-gnu/crti.o
 .bss           0x0000000008053124        0x1 /usr/lib/gcc/i686-linux-gnu/4.8/crtbegin.o
 .bss           0x0000000008053125        0x0 hello-world.co
 *fill*         0x0000000008053125       0x1b 
 .bss           0x0000000008053140       0x44 contiki-native.a(contiki-main.o)
                0x0000000008053140                contiki_argc
 .bss           0x0000000008053184        0x1 contiki-native.a(leds.o)
 .bss           0x0000000008053185        0x1 contiki-native.a(leds-arch.o)
 .bss           0x0000000008053186        0x0 contiki-native.a(button-sensor.o)
 *fill*         0x0000000008053186        0x2 
 .bss           0x0000000008053188        0x4 contiki-native.a(pir-sensor.o)
 .bss           0x000000000805318c        0x4 contiki-native.a(vib-sensor.o)
 .bss           0x0000000008053190        0xc contiki-native.a(sensors.o)
 .bss           0x000000000805319c        0x0 contiki-native.a(autostart.o)
 .bss           0x000000000805319c        0x5 contiki-native.a(ctimer.o)
 *fill*         0x00000000080531a1        0x3 
 .bss           0x00000000080531a4        0x8 contiki-native.a(etimer.o)
 *fill*         0x00000000080531ac       0x14 
 .bss           0x00000000080531c0      0x1b1 contiki-native.a(process.o)
                0x00000000080531c0                process_list
                0x00000000080531c4                process_current
 *fill*         0x0000000008053371        0x3 
 .bss           0x0000000008053374        0x4 contiki-native.a(rtimer.o)
 .bss           0x0000000008053378        0x0 contiki-native.a(timer.o)
 *fill*         0x0000000008053378        0x8 
 .bss           0x0000000008053380      0x140 contiki-native.a(serial-line.o)
 .bss           0x00000000080534c0        0x0 contiki-native.a(list.o)
 .bss           0x00000000080534c0        0x0 contiki-native.a(ringbuf.o)
 .bss           0x00000000080534c0        0x4 contiki-native.a(rime.o)
 .bss           0x00000000080534c4        0x0 contiki-native.a(linkaddr.o)
 .bss           0x00000000080534c4        0x0 contiki-native.a(netstack.o)
 *fill*         0x00000000080534c4       0x1c 
 .bss           0x00000000080534e0       0xd4 contiki-native.a(packetbuf.o)
 *fill*         0x00000000080535b4        0xc 
 .bss           0x00000000080535c0      0x650 contiki-native.a(queuebuf.o)
 .bss           0x0000000008053c10        0x0 contiki-native.a(nullmac.o)
 .bss           0x0000000008053c10        0x0 contiki-native.a(nullrdc.o)
 .bss           0x0000000008053c10        0x0 contiki-native.a(nullsec.o)
 .bss           0x0000000008053c10        0x0 contiki-native.a(clock.o)
 .bss           0x0000000008053c10        0x0 contiki-native.a(rtimer-arch.o)
 .bss           0x0000000008053c10        0x0 contiki-native.a(nullradio.o)
 .bss           0x0000000008053c10        0x0 contiki-native.a(memb.o)
 .bss           0x0000000008053c10        0x0 contiki-native.a(abc.o)
 .bss           0x0000000008053c10        0xc contiki-native.a(announcement.o)
 *fill*         0x0000000008053c1c        0x4 
 .bss           0x0000000008053c20       0x6c contiki-native.a(broadcast-annou)
 .bss           0x0000000008053c8c        0x0 contiki-native.a(broadcast.o)
 .bss           0x0000000008053c8c        0x0 contiki-native.a(chameleon.o)
 .bss           0x0000000008053c8c        0x4 contiki-native.a(channel.o)
 .bss           0x0000000008053c90        0x0 contiki-native.a(framer-nullmac.)
 .bss           0x0000000008053c90        0x0 contiki-native.a(mac.o)
 .bss           0x0000000008053c90        0x0 contiki-native.a(random.o)
 .bss           0x0000000008053c90        0x0 contiki-native.a(chameleon-bitop)
 .bss           0x0000000008053c90        0x0 /usr/lib/i386-linux-gnu/libc_nonshared.a(elf-init.oS)
 .bss           0x0000000008053c90        0x0 /usr/lib/gcc/i686-linux-gnu/4.8/crtend.o
 .bss           0x0000000008053c90        0x0 /usr/lib/gcc/i686-linux-gnu/4.8/../../../i386-linux-gnu/crtn.o
 *(COMMON)
 COMMON         0x0000000008053c90        0x8 contiki-native.a(contiki-main.o)
                0x0000000008053c90                contiki_argv
                0x0000000008053c94                sensors_flags
 COMMON         0x0000000008053c98        0x1 contiki-native.a(sensors.o)
                0x0000000008053c98                sensors_event
 COMMON         0x0000000008053c99        0x1 contiki-native.a(serial-line.o)
                0x0000000008053c99                serial_line_event_message
 COMMON         0x0000000008053c9a        0x2 contiki-native.a(linkaddr.o)
                0x0000000008053c9a                linkaddr_node_addr
 *fill*         0x0000000008053c9c        0x4 
 COMMON         0x0000000008053ca0       0x3c contiki-native.a(packetbuf.o)
                0x0000000008053ca0                packetbuf_attrs
                0x0000000008053cd4                packetbuf_addrs
                0x0000000008053cdc                . = ALIGN ((. != 0x0)?0x4:0x1)
                0x0000000008053cdc                . = ALIGN (0x4)
                0x0000000008053cdc                . = SEGMENT_START ("ldata-segment", .)
                0x0000000008053cdc                . = ALIGN (0x4)
                0x0000000008053cdc                _end = .
                0x0000000008053cdc                PROVIDE (end, .)
                0x0000000008053cdc                . = DATA_SEGMENT_END (.)

.stab
 *(.stab)

.stabstr
 *(.stabstr)

.stab.excl
 *(.stab.excl)

.stab.exclstr
 *(.stab.exclstr)

.stab.index
 *(.stab.index)

.stab.indexstr
 *(.stab.indexstr)

.comment        0x0000000000000000       0x24
 *(.comment)
 .comment       0x0000000000000000       0x24 /usr/lib/gcc/i686-linux-gnu/4.8/crtbegin.o
                                         0x25 (size before relaxing)
 .comment       0x0000000000000000       0x25 hello-world.co
 .comment       0x0000000000000000       0x25 contiki-native.a(contiki-main.o)
 .comment       0x0000000000000000       0x25 contiki-native.a(leds.o)
 .comment       0x0000000000000000       0x25 contiki-native.a(leds-arch.o)
 .comment       0x0000000000000000       0x25 contiki-native.a(button-sensor.o)
 .comment       0x0000000000000000       0x25 contiki-native.a(pir-sensor.o)
 .comment       0x0000000000000000       0x25 contiki-native.a(vib-sensor.o)
 .comment       0x0000000000000000       0x25 contiki-native.a(sensors.o)
 .comment       0x0000000000000000       0x25 contiki-native.a(autostart.o)
 .comment       0x0000000000000000       0x25 contiki-native.a(ctimer.o)
 .comment       0x0000000000000000       0x25 contiki-native.a(etimer.o)
 .comment       0x0000000000000000       0x25 contiki-native.a(process.o)
 .comment       0x0000000000000000       0x25 contiki-native.a(rtimer.o)
 .comment       0x0000000000000000       0x25 contiki-native.a(timer.o)
 .comment       0x0000000000000000       0x25 contiki-native.a(serial-line.o)
 .comment       0x0000000000000000       0x25 contiki-native.a(list.o)
 .comment       0x0000000000000000       0x25 contiki-native.a(ringbuf.o)
 .comment       0x0000000000000000       0x25 contiki-native.a(rime.o)
 .comment       0x0000000000000000       0x25 contiki-native.a(linkaddr.o)
 .comment       0x0000000000000000       0x25 contiki-native.a(netstack.o)
 .comment       0x0000000000000000       0x25 contiki-native.a(packetbuf.o)
 .comment       0x0000000000000000       0x25 contiki-native.a(queuebuf.o)
 .comment       0x0000000000000000       0x25 contiki-native.a(nullmac.o)
 .comment       0x0000000000000000       0x25 contiki-native.a(nullrdc.o)
 .comment       0x0000000000000000       0x25 contiki-native.a(nullsec.o)
 .comment       0x0000000000000000       0x25 contiki-native.a(clock.o)
 .comment       0x0000000000000000       0x25 contiki-native.a(rtimer-arch.o)
 .comment       0x0000000000000000       0x25 contiki-native.a(nullradio.o)
 .comment       0x0000000000000000       0x25 contiki-native.a(memb.o)
 .comment       0x0000000000000000       0x25 contiki-native.a(abc.o)
 .comment       0x0000000000000000       0x25 contiki-native.a(announcement.o)
 .comment       0x0000000000000000       0x25 contiki-native.a(broadcast-annou)
 .comment       0x0000000000000000       0x25 contiki-native.a(broadcast.o)
 .comment       0x0000000000000000       0x25 contiki-native.a(chameleon.o)
 .comment       0x0000000000000000       0x25 contiki-native.a(channel.o)
 .comment       0x0000000000000000       0x25 contiki-native.a(framer-nullmac.)
 .comment       0x0000000000000000       0x25 contiki-native.a(mac.o)
 .comment       0x0000000000000000       0x25 contiki-native.a(random.o)
 .comment       0x0000000000000000       0x25 contiki-native.a(chameleon-bitop)
 .comment       0x0000000000000000       0x25 /usr/lib/i386-linux-gnu/libc_nonshared.a(elf-init.oS)
 .comment       0x0000000000000000       0x25 /usr/lib/gcc/i686-linux-gnu/4.8/crtend.o

.debug
 *(.debug)

.line
 *(.line)

.debug_srcinfo
 *(.debug_srcinfo)

.debug_sfnames
 *(.debug_sfnames)

.debug_aranges  0x0000000000000000      0x4e0
 *(.debug_aranges)
 .debug_aranges
                0x0000000000000000       0x20 hello-world.co
 .debug_aranges
                0x0000000000000020       0x20 contiki-native.a(contiki-main.o)
 .debug_aranges
                0x0000000000000040       0x20 contiki-native.a(leds.o)
 .debug_aranges
                0x0000000000000060       0x20 contiki-native.a(leds-arch.o)
 .debug_aranges
                0x0000000000000080       0x20 contiki-native.a(button-sensor.o)
 .debug_aranges
                0x00000000000000a0       0x20 contiki-native.a(pir-sensor.o)
 .debug_aranges
                0x00000000000000c0       0x20 contiki-native.a(vib-sensor.o)
 .debug_aranges
                0x00000000000000e0       0x20 contiki-native.a(sensors.o)
 .debug_aranges
                0x0000000000000100       0x20 contiki-native.a(autostart.o)
 .debug_aranges
                0x0000000000000120       0x20 contiki-native.a(ctimer.o)
 .debug_aranges
                0x0000000000000140       0x20 contiki-native.a(etimer.o)
 .debug_aranges
                0x0000000000000160       0x20 contiki-native.a(process.o)
 .debug_aranges
                0x0000000000000180       0x20 contiki-native.a(rtimer.o)
 .debug_aranges
                0x00000000000001a0       0x20 contiki-native.a(timer.o)
 .debug_aranges
                0x00000000000001c0       0x20 contiki-native.a(serial-line.o)
 .debug_aranges
                0x00000000000001e0       0x20 contiki-native.a(list.o)
 .debug_aranges
                0x0000000000000200       0x20 contiki-native.a(ringbuf.o)
 .debug_aranges
                0x0000000000000220       0x20 contiki-native.a(rime.o)
 .debug_aranges
                0x0000000000000240       0x20 contiki-native.a(linkaddr.o)
 .debug_aranges
                0x0000000000000260       0x20 contiki-native.a(netstack.o)
 .debug_aranges
                0x0000000000000280       0x20 contiki-native.a(packetbuf.o)
 .debug_aranges
                0x00000000000002a0       0x20 contiki-native.a(queuebuf.o)
 .debug_aranges
                0x00000000000002c0       0x20 contiki-native.a(nullmac.o)
 .debug_aranges
                0x00000000000002e0       0x20 contiki-native.a(nullrdc.o)
 .debug_aranges
                0x0000000000000300       0x20 contiki-native.a(nullsec.o)
 .debug_aranges
                0x0000000000000320       0x20 contiki-native.a(clock.o)
 .debug_aranges
                0x0000000000000340       0x20 contiki-native.a(rtimer-arch.o)
 .debug_aranges
                0x0000000000000360       0x20 contiki-native.a(nullradio.o)
 .debug_aranges
                0x0000000000000380       0x20 contiki-native.a(memb.o)
 .debug_aranges
                0x00000000000003a0       0x20 contiki-native.a(abc.o)
 .debug_aranges
                0x00000000000003c0       0x20 contiki-native.a(announcement.o)
 .debug_aranges
                0x00000000000003e0       0x20 contiki-native.a(broadcast-annou)
 .debug_aranges
                0x0000000000000400       0x20 contiki-native.a(broadcast.o)
 .debug_aranges
                0x0000000000000420       0x20 contiki-native.a(chameleon.o)
 .debug_aranges
                0x0000000000000440       0x20 contiki-native.a(channel.o)
 .debug_aranges
                0x0000000000000460       0x20 contiki-native.a(framer-nullmac.)
 .debug_aranges
                0x0000000000000480       0x20 contiki-native.a(mac.o)
 .debug_aranges
                0x00000000000004a0       0x20 contiki-native.a(random.o)
 .debug_aranges
                0x00000000000004c0       0x20 contiki-native.a(chameleon-bitop)

.debug_pubnames
 *(.debug_pubnames)

.debug_info     0x0000000000000000     0x7f68
 *(.debug_info .gnu.linkonce.wi.*)
 .debug_info    0x0000000000000000      0x1d7 hello-world.co
 .debug_info    0x00000000000001d7      0xa48 contiki-native.a(contiki-main.o)
 .debug_info    0x0000000000000c1f      0x193 contiki-native.a(leds.o)
 .debug_info    0x0000000000000db2       0xcf contiki-native.a(leds-arch.o)
 .debug_info    0x0000000000000e81      0x195 contiki-native.a(button-sensor.o)
 .debug_info    0x0000000000001016      0x1b7 contiki-native.a(pir-sensor.o)
 .debug_info    0x00000000000011cd      0x1a4 contiki-native.a(vib-sensor.o)
 .debug_info    0x0000000000001371      0x369 contiki-native.a(sensors.o)
 .debug_info    0x00000000000016da      0x1a8 contiki-native.a(autostart.o)
 .debug_info    0x0000000000001882      0x46f contiki-native.a(ctimer.o)
 .debug_info    0x0000000000001cf1      0x49f contiki-native.a(etimer.o)
 .debug_info    0x0000000000002190      0x4b6 contiki-native.a(process.o)
 .debug_info    0x0000000000002646      0x1ae contiki-native.a(rtimer.o)
 .debug_info    0x00000000000027f4      0x176 contiki-native.a(timer.o)
 .debug_info    0x000000000000296a      0x2da contiki-native.a(serial-line.o)
 .debug_info    0x0000000000002c44      0x2e9 contiki-native.a(list.o)
 .debug_info    0x0000000000002f2d      0x1b4 contiki-native.a(ringbuf.o)
 .debug_info    0x00000000000030e1      0x38a contiki-native.a(rime.o)
 .debug_info    0x000000000000346b      0x177 contiki-native.a(linkaddr.o)
 .debug_info    0x00000000000035e2      0x4b5 contiki-native.a(netstack.o)
 .debug_info    0x0000000000003a97      0x622 contiki-native.a(packetbuf.o)
 .debug_info    0x00000000000040b9      0x5aa contiki-native.a(queuebuf.o)
 .debug_info    0x0000000000004663      0x32d contiki-native.a(nullmac.o)
 .debug_info    0x0000000000004990      0x740 contiki-native.a(nullrdc.o)
 .debug_info    0x00000000000050d0      0x308 contiki-native.a(nullsec.o)
 .debug_info    0x00000000000053d8      0x128 contiki-native.a(clock.o)
 .debug_info    0x0000000000005500      0x16d contiki-native.a(rtimer-arch.o)
 .debug_info    0x000000000000566d      0x48e contiki-native.a(nullradio.o)
 .debug_info    0x0000000000005afb      0x1d3 contiki-native.a(memb.o)
 .debug_info    0x0000000000005cce      0x373 contiki-native.a(abc.o)
 .debug_info    0x0000000000006041      0x3b4 contiki-native.a(announcement.o)
 .debug_info    0x00000000000063f5      0x753 contiki-native.a(broadcast-annou)
 .debug_info    0x0000000000006b48      0x465 contiki-native.a(broadcast.o)
 .debug_info    0x0000000000006fad      0x2cf contiki-native.a(chameleon.o)
 .debug_info    0x000000000000727c      0x20c contiki-native.a(channel.o)
 .debug_info    0x0000000000007488      0x26b contiki-native.a(framer-nullmac.)
 .debug_info    0x00000000000076f3      0x115 contiki-native.a(mac.o)
 .debug_info    0x0000000000007808       0xaf contiki-native.a(random.o)
 .debug_info    0x00000000000078b7      0x6b1 contiki-native.a(chameleon-bitop)

.debug_abbrev   0x0000000000000000     0x328d
 *(.debug_abbrev)
 .debug_abbrev  0x0000000000000000      0x11e hello-world.co
 .debug_abbrev  0x000000000000011e      0x255 contiki-native.a(contiki-main.o)
 .debug_abbrev  0x0000000000000373       0xaa contiki-native.a(leds.o)
 .debug_abbrev  0x000000000000041d       0x92 contiki-native.a(leds-arch.o)
 .debug_abbrev  0x00000000000004af       0xba contiki-native.a(button-sensor.o)
 .debug_abbrev  0x0000000000000569       0xda contiki-native.a(pir-sensor.o)
 .debug_abbrev  0x0000000000000643       0xd8 contiki-native.a(vib-sensor.o)
 .debug_abbrev  0x000000000000071b      0x1c0 contiki-native.a(sensors.o)
 .debug_abbrev  0x00000000000008db       0xf9 contiki-native.a(autostart.o)
 .debug_abbrev  0x00000000000009d4      0x19f contiki-native.a(ctimer.o)
 .debug_abbrev  0x0000000000000b73      0x1ef contiki-native.a(etimer.o)
 .debug_abbrev  0x0000000000000d62      0x242 contiki-native.a(process.o)
 .debug_abbrev  0x0000000000000fa4      0x122 contiki-native.a(rtimer.o)
 .debug_abbrev  0x00000000000010c6       0xf3 contiki-native.a(timer.o)
 .debug_abbrev  0x00000000000011b9      0x18e contiki-native.a(serial-line.o)
 .debug_abbrev  0x0000000000001347      0x143 contiki-native.a(list.o)
 .debug_abbrev  0x000000000000148a       0xd9 contiki-native.a(ringbuf.o)
 .debug_abbrev  0x0000000000001563      0x186 contiki-native.a(rime.o)
 .debug_abbrev  0x00000000000016e9       0xd6 contiki-native.a(linkaddr.o)
 .debug_abbrev  0x00000000000017bf      0x10f contiki-native.a(netstack.o)
 .debug_abbrev  0x00000000000018ce      0x285 contiki-native.a(packetbuf.o)
 .debug_abbrev  0x0000000000001b53      0x1dc contiki-native.a(queuebuf.o)
 .debug_abbrev  0x0000000000001d2f      0x17b contiki-native.a(nullmac.o)
 .debug_abbrev  0x0000000000001eaa      0x24e contiki-native.a(nullrdc.o)
 .debug_abbrev  0x00000000000020f8      0x13e contiki-native.a(nullsec.o)
 .debug_abbrev  0x0000000000002236       0xa5 contiki-native.a(clock.o)
 .debug_abbrev  0x00000000000022db       0xd1 contiki-native.a(rtimer-arch.o)
 .debug_abbrev  0x00000000000023ac      0x151 contiki-native.a(nullradio.o)
 .debug_abbrev  0x00000000000024fd       0xe2 contiki-native.a(memb.o)
 .debug_abbrev  0x00000000000025df      0x149 contiki-native.a(abc.o)
 .debug_abbrev  0x0000000000002728      0x16d contiki-native.a(announcement.o)
 .debug_abbrev  0x0000000000002895      0x1e7 contiki-native.a(broadcast-annou)
 .debug_abbrev  0x0000000000002a7c      0x18c contiki-native.a(broadcast.o)
 .debug_abbrev  0x0000000000002c08      0x133 contiki-native.a(chameleon.o)
 .debug_abbrev  0x0000000000002d3b      0x121 contiki-native.a(channel.o)
 .debug_abbrev  0x0000000000002e5c      0x111 contiki-native.a(framer-nullmac.)
 .debug_abbrev  0x0000000000002f6d       0xa1 contiki-native.a(mac.o)
 .debug_abbrev  0x000000000000300e       0x6b contiki-native.a(random.o)
 .debug_abbrev  0x0000000000003079      0x214 contiki-native.a(chameleon-bitop)

.debug_line     0x0000000000000000     0x2e5d
 *(.debug_line .debug_line.* .debug_line_end)
 .debug_line    0x0000000000000000       0xa1 hello-world.co
 .debug_line    0x00000000000000a1      0x3ce contiki-native.a(contiki-main.o)
 .debug_line    0x000000000000046f       0x7e contiki-native.a(leds.o)
 .debug_line    0x00000000000004ed       0x72 contiki-native.a(leds-arch.o)
 .debug_line    0x000000000000055f       0xaa contiki-native.a(button-sensor.o)
 .debug_line    0x0000000000000609       0xaa contiki-native.a(pir-sensor.o)
 .debug_line    0x00000000000006b3       0xaa contiki-native.a(vib-sensor.o)
 .debug_line    0x000000000000075d      0x15e contiki-native.a(sensors.o)
 .debug_line    0x00000000000008bb       0xd4 contiki-native.a(autostart.o)
 .debug_line    0x000000000000098f      0x1c9 contiki-native.a(ctimer.o)
 .debug_line    0x0000000000000b58      0x1c8 contiki-native.a(etimer.o)
 .debug_line    0x0000000000000d20      0x195 contiki-native.a(process.o)
 .debug_line    0x0000000000000eb5       0xa9 contiki-native.a(rtimer.o)
 .debug_line    0x0000000000000f5e       0xe7 contiki-native.a(timer.o)
 .debug_line    0x0000000000001045      0x14b contiki-native.a(serial-line.o)
 .debug_line    0x0000000000001190      0x12f contiki-native.a(list.o)
 .debug_line    0x00000000000012bf       0xd4 contiki-native.a(ringbuf.o)
 .debug_line    0x0000000000001393      0x1de contiki-native.a(rime.o)
 .debug_line    0x0000000000001571       0xb7 contiki-native.a(linkaddr.o)
 .debug_line    0x0000000000001628      0x170 contiki-native.a(netstack.o)
 .debug_line    0x0000000000001798      0x17b contiki-native.a(packetbuf.o)
 .debug_line    0x0000000000001913      0x141 contiki-native.a(queuebuf.o)
 .debug_line    0x0000000000001a54      0x119 contiki-native.a(nullmac.o)
 .debug_line    0x0000000000001b6d      0x1cc contiki-native.a(nullrdc.o)
 .debug_line    0x0000000000001d39      0x11a contiki-native.a(nullsec.o)
 .debug_line    0x0000000000001e53       0xb9 contiki-native.a(clock.o)
 .debug_line    0x0000000000001f0c      0x10b contiki-native.a(rtimer-arch.o)
 .debug_line    0x0000000000002017       0xed contiki-native.a(nullradio.o)
 .debug_line    0x0000000000002104       0xed contiki-native.a(memb.o)
 .debug_line    0x00000000000021f1      0x105 contiki-native.a(abc.o)
 .debug_line    0x00000000000022f6      0x16e contiki-native.a(announcement.o)
 .debug_line    0x0000000000002464      0x252 contiki-native.a(broadcast-annou)
 .debug_line    0x00000000000026b6      0x12c contiki-native.a(broadcast.o)
 .debug_line    0x00000000000027e2      0x111 contiki-native.a(chameleon.o)
 .debug_line    0x00000000000028f3      0x139 contiki-native.a(channel.o)
 .debug_line    0x0000000000002a2c      0x110 contiki-native.a(framer-nullmac.)
 .debug_line    0x0000000000002b3c       0x9c contiki-native.a(mac.o)
 .debug_line    0x0000000000002bd8       0x61 contiki-native.a(random.o)
 .debug_line    0x0000000000002c39      0x224 contiki-native.a(chameleon-bitop)

.debug_frame
 *(.debug_frame)

.debug_str      0x0000000000000000     0x2397
 *(.debug_str)
 .debug_str     0x0000000000000000      0x159 hello-world.co
                                        0x1be (size before relaxing)
 .debug_str     0x0000000000000159      0x3b6 contiki-native.a(contiki-main.o)
                                        0x56b (size before relaxing)
 .debug_str     0x000000000000050f       0x87 contiki-native.a(leds.o)
                                        0x168 (size before relaxing)
 .debug_str     0x0000000000000596       0x66 contiki-native.a(leds-arch.o)
                                        0x139 (size before relaxing)
 .debug_str     0x00000000000005fc       0x4c contiki-native.a(button-sensor.o)
                                        0x153 (size before relaxing)
 .debug_str     0x0000000000000648       0x62 contiki-native.a(pir-sensor.o)
                                        0x166 (size before relaxing)
 .debug_str     0x00000000000006aa       0x4f contiki-native.a(vib-sensor.o)
                                        0x153 (size before relaxing)
 .debug_str     0x00000000000006f9       0xb7 contiki-native.a(sensors.o)
                                        0x248 (size before relaxing)
 .debug_str     0x00000000000007b0       0x4f contiki-native.a(autostart.o)
                                        0x174 (size before relaxing)
 .debug_str     0x00000000000007ff      0x118 contiki-native.a(ctimer.o)
                                        0x275 (size before relaxing)
 .debug_str     0x0000000000000917      0x167 contiki-native.a(etimer.o)
                                        0x2e8 (size before relaxing)
 .debug_str     0x0000000000000a7e      0x16b contiki-native.a(process.o)
                                        0x2aa (size before relaxing)
 .debug_str     0x0000000000000be9       0xd6 contiki-native.a(rtimer.o)
                                        0x1b6 (size before relaxing)
 .debug_str     0x0000000000000cbf       0x3c contiki-native.a(timer.o)
                                        0x163 (size before relaxing)
 .debug_str     0x0000000000000cfb       0xc9 contiki-native.a(serial-line.o)
                                        0x233 (size before relaxing)
 .debug_str     0x0000000000000dc4       0xc2 contiki-native.a(list.o)
                                        0x114 (size before relaxing)
 .debug_str     0x0000000000000e86       0x71 contiki-native.a(ringbuf.o)
                                        0x176 (size before relaxing)
 .debug_str     0x0000000000000ef7      0x133 contiki-native.a(rime.o)
                                        0x293 (size before relaxing)
 .debug_str     0x000000000000102a       0x8e contiki-native.a(linkaddr.o)
                                        0x175 (size before relaxing)
 .debug_str     0x00000000000010b8      0x131 contiki-native.a(netstack.o)
                                        0x2ed (size before relaxing)
 .debug_str     0x00000000000011e9      0x555 contiki-native.a(packetbuf.o)
                                        0x68c (size before relaxing)
 .debug_str     0x000000000000173e      0x1b4 contiki-native.a(queuebuf.o)
                                        0x60d (size before relaxing)
 .debug_str     0x00000000000018f2       0x59 contiki-native.a(nullmac.o)
                                        0x1dc (size before relaxing)
 .debug_str     0x000000000000194b       0xaa contiki-native.a(nullrdc.o)
                                        0x6f3 (size before relaxing)
 .debug_str     0x00000000000019f5       0x34 contiki-native.a(nullsec.o)
                                        0x49f (size before relaxing)
 .debug_str     0x0000000000001a29       0x5a contiki-native.a(clock.o)
                                        0x163 (size before relaxing)
 .debug_str     0x0000000000001a83       0xbb contiki-native.a(rtimer-arch.o)
                                        0x1c6 (size before relaxing)
 .debug_str     0x0000000000001b3e       0x6a contiki-native.a(nullradio.o)
                                        0x23b (size before relaxing)
 .debug_str     0x0000000000001ba8       0x71 contiki-native.a(memb.o)
                                        0x14f (size before relaxing)
 .debug_str     0x0000000000001c19       0x7a contiki-native.a(abc.o)
                                        0x4cd (size before relaxing)
 .debug_str     0x0000000000001c93      0x1b4 contiki-native.a(announcement.o)
                                        0x304 (size before relaxing)
 .debug_str     0x0000000000001e47      0x1bf contiki-native.a(broadcast-annou)
                                        0x403 (size before relaxing)
 .debug_str     0x0000000000002006       0x84 contiki-native.a(broadcast.o)
                                        0x534 (size before relaxing)
 .debug_str     0x000000000000208a       0x99 contiki-native.a(chameleon.o)
                                        0x4d1 (size before relaxing)
 .debug_str     0x0000000000002123       0xa0 contiki-native.a(channel.o)
                                        0x1c6 (size before relaxing)
 .debug_str     0x00000000000021c3       0x50 contiki-native.a(framer-nullmac.)
                                        0x48b (size before relaxing)
 .debug_str     0x0000000000002213       0x45 contiki-native.a(mac.o)
                                        0x189 (size before relaxing)
 .debug_str     0x0000000000002258       0x4a contiki-native.a(random.o)
                                        0x118 (size before relaxing)
 .debug_str     0x00000000000022a2       0xf5 contiki-native.a(chameleon-bitop)
                                        0x592 (size before relaxing)

.debug_loc
 *(.debug_loc)

.debug_macinfo
 *(.debug_macinfo)

.debug_weaknames
 *(.debug_weaknames)

.debug_funcnames
 *(.debug_funcnames)

.debug_typenames
 *(.debug_typenames)

.debug_varnames
 *(.debug_varnames)

.debug_pubtypes
 *(.debug_pubtypes)

.debug_ranges
 *(.debug_ranges)

.debug_macro
 *(.debug_macro)

.gnu.attributes
 *(.gnu.attributes)

/DISCARD/
 *(.note.GNU-stack)
 *(.gnu_debuglink)
 *(.gnu.lto_*)
OUTPUT(hello-world.native elf32-i386)
