Archive member included because of file (symbol)

contiki-srf06-cc26xx.a(contiki-main.o)
                              obj_srf06-cc26xx/startup_gcc.o (main)
contiki-srf06-cc26xx.a(sensors.o)
                              contiki-srf06-cc26xx.a(contiki-main.o) (sensors_process)
contiki-srf06-cc26xx.a(leds.o)
                              contiki-srf06-cc26xx.a(contiki-main.o) (leds_init)
contiki-srf06-cc26xx.a(leds-arch.o)
                              contiki-srf06-cc26xx.a(leds.o) (leds_arch_init)
contiki-srf06-cc26xx.a(sensortag-senso)
                              contiki-srf06-cc26xx.a(sensors.o) (sensors_flags)
contiki-srf06-cc26xx.a(bmp-280-sensor.)
                              contiki-srf06-cc26xx.a(sensortag-senso) (bmp_280_sensor)
contiki-srf06-cc26xx.a(tmp-007-sensor.)
                              contiki-srf06-cc26xx.a(sensortag-senso) (tmp_007_sensor)
contiki-srf06-cc26xx.a(opt-3001-sensor)
                              contiki-srf06-cc26xx.a(sensortag-senso) (opt_3001_sensor)
contiki-srf06-cc26xx.a(hdc-1000-sensor)
                              contiki-srf06-cc26xx.a(sensortag-senso) (hdc_1000_sensor)
contiki-srf06-cc26xx.a(mpu-9250-sensor)
                              contiki-srf06-cc26xx.a(sensortag-senso) (mpu_9250_sensor)
contiki-srf06-cc26xx.a(button-sensor.o)
                              contiki-srf06-cc26xx.a(sensortag-senso) (button_right_sensor)
contiki-srf06-cc26xx.a(reed-relay.o)
                              contiki-srf06-cc26xx.a(sensortag-senso) (reed_relay_sensor)
contiki-srf06-cc26xx.a(buzzer.o)
                              hello-world.co (buzzer_start)
contiki-srf06-cc26xx.a(board.o)
                              contiki-srf06-cc26xx.a(contiki-main.o) (board_init)
contiki-srf06-cc26xx.a(board-i2c.o)
                              contiki-srf06-cc26xx.a(board.o) (board_i2c_wakeup)
contiki-srf06-cc26xx.a(clock.o)
                              contiki-srf06-cc26xx.a(contiki-main.o) (clock_init)
contiki-srf06-cc26xx.a(rtimer-arch.o)
                              contiki-srf06-cc26xx.a(mpu-9250-sensor) (rtimer_arch_now)
contiki-srf06-cc26xx.a(soc-rtc.o)
                              contiki-srf06-cc26xx.a(contiki-main.o) (soc_rtc_init)
contiki-srf06-cc26xx.a(contiki-watchdo)
                              contiki-srf06-cc26xx.a(contiki-main.o) (watchdog_init)
contiki-srf06-cc26xx.a(putchar.o)
                              contiki-srf06-cc26xx.a(contiki-main.o) (putchar)
contiki-srf06-cc26xx.a(ieee-addr.o)
                              hello-world.co (ieee_addr_cpy_to)
contiki-srf06-cc26xx.a(cc26xx-uart.o)
                              contiki-srf06-cc26xx.a(contiki-main.o) (cc26xx_uart_init)
contiki-srf06-cc26xx.a(lpm.o)
                              contiki-srf06-cc26xx.a(button-sensor.o) (lpm_shutdown)
contiki-srf06-cc26xx.a(gpio-interrupt.)
                              contiki-srf06-cc26xx.a(button-sensor.o) (gpio_interrupt_register_handler)
contiki-srf06-cc26xx.a(oscillators.o)
                              contiki-srf06-cc26xx.a(contiki-main.o) (oscillators_select_lf_xosc)
contiki-srf06-cc26xx.a(ieee-mode.o)
                              contiki-srf06-cc26xx.a(contiki-main.o) (ieee_mode_driver)
contiki-srf06-cc26xx.a(dbg-printf.o)
                              hello-world.co (printf)
contiki-srf06-cc26xx.a(strformat.o)
                              contiki-srf06-cc26xx.a(dbg-printf.o) (format_str_v)
contiki-srf06-cc26xx.a(autostart.o)
                              contiki-srf06-cc26xx.a(contiki-main.o) (autostart_start)
contiki-srf06-cc26xx.a(ctimer.o)
                              contiki-srf06-cc26xx.a(contiki-main.o) (ctimer_init)
contiki-srf06-cc26xx.a(energest.o)
                              contiki-srf06-cc26xx.a(contiki-main.o) (energest_init)
contiki-srf06-cc26xx.a(etimer.o)
                              contiki-srf06-cc26xx.a(clock.o) (etimer_request_poll)
contiki-srf06-cc26xx.a(process.o)
                              contiki-srf06-cc26xx.a(sensors.o) (process_alloc_event)
contiki-srf06-cc26xx.a(rtimer.o)
                              contiki-srf06-cc26xx.a(contiki-main.o) (rtimer_init)
contiki-srf06-cc26xx.a(timer.o)
                              contiki-srf06-cc26xx.a(button-sensor.o) (timer_set)
contiki-srf06-cc26xx.a(serial-line.o)
                              hello-world.co (serial_line_event_message)
contiki-srf06-cc26xx.a(list.o)
                              contiki-srf06-cc26xx.a(lpm.o) (list_init)
contiki-srf06-cc26xx.a(random.o)
                              contiki-srf06-cc26xx.a(contiki-main.o) (random_init)
contiki-srf06-cc26xx.a(ringbuf.o)
                              contiki-srf06-cc26xx.a(serial-line.o) (ringbuf_init)
contiki-srf06-cc26xx.a(rime.o)
                              contiki-srf06-cc26xx.a(contiki-main.o) (rime_driver)
contiki-srf06-cc26xx.a(aon_rtc.o)
                              contiki-srf06-cc26xx.a(rtimer-arch.o) (NOROM_AONRTCCurrentCompareValueGet)
contiki-srf06-cc26xx.a(cpu.o)
[...]
Memory Configuration

Name             Origin             Length             Attributes
FLASH            0x00000000         0x0001ffa8         xr
FLASH_CCFG       0x0001ffa8         0x00000058         xr
SRAM             0x20000000         0x00005000         xrw
GPRAM            0x11000000         0x00002000         xrw
*default*        0x00000000         0xffffffff

Linker script and memory map

LOAD obj_srf06-cc26xx/fault-handlers.o
LOAD obj_srf06-cc26xx/ccfg.o
LOAD obj_srf06-cc26xx/startup_gcc.o
LOAD hello-world.co
LOAD contiki-srf06-cc26xx.a
LOAD /usr/bin/../lib/gcc/arm-none-eabi/4.9.3/../../../../arm-none-eabi/lib/armv7-m/libm.a
START GROUP
LOAD /usr/bin/../lib/gcc/arm-none-eabi/4.9.3/armv7-m/libgcc.a
LOAD /usr/bin/../lib/gcc/arm-none-eabi/4.9.3/../../../../arm-none-eabi/lib/armv7-m/libc.a
END GROUP
                0x20005000                _estack = (ORIGIN (SRAM) + 0x5000)
                0x00000000                _Min_Heap_Size = 0x0
                0x00000100                _Min_Stack_Size = 0x100

.text           0x00000000     0xa90c
                0x00000000                _text = .
 *(SORT(.vectors))
 .vectors       0x00000000       0xc8 obj_srf06-cc26xx/startup_gcc.o
                0x00000000                gVectors
 *(SORT(.text*))
 .text.value    0x000000c8       0xb0 contiki-srf06-cc26xx.a(opt-3001-sensor)
 .text.value    0x00000178       0x9c contiki-srf06-cc26xx.a(hdc-1000-sensor)
 *fill*         0x00000214        0x4 00000000
 .text.value    0x00000218      0x1b4 contiki-srf06-cc26xx.a(mpu-9250-sensor)
 *fill*         0x000003cc        0x4 00000000
 .text.__ieee754_pow
                0x000003d0      0xaa0 /usr/bin/../lib/gcc/arm-none-eabi/4.9.3/../../../../arm-none-eabi/lib/armv7-m/libm.a(lib_a-e_pow.o)
                0x000003d0                __ieee754_pow
 .text.scalbn   0x00000e70       0xec /usr/bin/../lib/gcc/arm-none-eabi/4.9.3/../../../../arm-none-eabi/lib/armv7-m/libm.a(lib_a-s_scalbn.o)
                0x00000e70                scalbn
 .text.FaultISR
                0x00000f5c       0x18 obj_srf06-cc26xx/fault-handlers.o
                0x00000f5c                FaultISR
 .text.NmiSRHandler
                0x00000f74        0x4 obj_srf06-cc26xx/startup_gcc.o
                0x00000f74                NmiSR
 .text.IntDefaultHandler
                0x00000f78        0x4 obj_srf06-cc26xx/startup_gcc.o
                0x00000f78                TRNGIntHandler
                0x00000f78                SSI0IntHandler
                0x00000f78                SWEvent0IntHandler
                0x00000f78                uDMAIntHandler
                0x00000f78                WatchdogIntHandler
                0x00000f78                RFCHardwareIntHandler
                0x00000f78                Timer1BIntHandler
                0x00000f78                I2SIntHandler
                0x00000f78                Timer2BIntHandler
                0x00000f78                Timer2AIntHandler
                0x00000f78                Timer1AIntHandler
                0x00000f78                AONIntHandler
                0x00000f78                AUXSWEvent0IntHandler
                0x00000f78                AUXADCIntHandler
                0x00000f78                PendSVIntHandler
                0x00000f78                AUXSWEvent1IntHandler
                0x00000f78                SVCallIntHandler
                0x00000f78                MPUFaultIntHandler
                0x00000f78                SysTickIntHandler
                0x00000f78                BusFaultIntHandler
                0x00000f78                AONProgIntHandler
                0x00000f78                AUXCompAIntHandler
                0x00000f78                SSI1IntHandler
                0x00000f78                FlashIntHandler
                0x00000f78                uDMAErrIntHandler
                0x00000f78                UsageFaultIntHandler
                0x00000f78                RFCCmdAckIntHandler
                0x00000f78                CryptoIntHandler
                0x00000f78                Timer0AIntHandler
                0x00000f78                I2CIntHandler
                0x00000f78                DebugMonIntHandler
                0x00000f78                Timer0BIntHandler
                0x00000f78                AUXCombEventIntHandler
                0x00000f78                Timer3AIntHandler
                0x00000f78                DynProgIntHandler
                0x00000f78                Timer3BIntHandler
 .text.ResetISR
                0x00000f7c       0x5c obj_srf06-cc26xx/startup_gcc.o
                0x00000f7c                ResetISR
 .text.show_toggle_led_red
                0x00000fd8       0x18 hello-world.co
                0x00000fd8                show_toggle_led_red
 .text.show_toggle_led_green
                0x00000ff0       0x18 hello-world.co
                0x00000ff0                show_toggle_led_green
 .text.show_toggle_led_all
                0x00001008       0x18 hello-world.co
                0x00001008                show_toggle_led_all
 .text.buzz_callback_dec_freq
                0x00001020       0x58 hello-world.co
 .text.buzz_callback_inc_freq
                0x00001078       0x58 hello-world.co
 .text.show_buzz_on_off
                0x000010d0       0x2c hello-world.co
                0x000010d0                show_buzz_on_off
 .text.print_ieee_address
                0x000010fc       0x60 hello-world.co
                0x000010fc                print_ieee_address
 .text.process_thread_hello_world_process
                0x0000115c      0x188 hello-world.co
 .text.fade     0x000012e4       0x64 contiki-srf06-cc26xx.a(contiki-main.o)
 .text.startup.main
                0x00001348      0x1c4 contiki-srf06-cc26xx.a(contiki-main.o)
                0x00001348                main
 .text.process_thread_sensors_process
                0x0000150c       0xf8 contiki-srf06-cc26xx.a(sensors.o)
 .text.sensors_changed
                0x00001604       0x50 contiki-srf06-cc26xx.a(sensors.o)
                0x00001604                sensors_changed
 .text.leds_init
                0x00001654       0x14 contiki-srf06-cc26xx.a(leds.o)
                0x00001654                leds_init
 .text.leds_on  0x00001668       0x14 contiki-srf06-cc26xx.a(leds.o)
                0x00001668                leds_on
 .text.leds_off
                0x0000167c       0x14 contiki-srf06-cc26xx.a(leds.o)
                0x0000167c                leds_off
 .text.leds_toggle
                0x00001690       0x14 contiki-srf06-cc26xx.a(leds.o)
                0x00001690                leds_toggle
 .text.leds_arch_init
                0x000016a4       0x38 contiki-srf06-cc26xx.a(leds-arch.o)
                0x000016a4                leds_arch_init
 .text.leds_arch_set
                0x000016dc       0x34 contiki-srf06-cc26xx.a(leds-arch.o)
                0x000016dc                leds_arch_set
 .text.status   0x00001710       0x14 contiki-srf06-cc26xx.a(bmp-280-sensor.)
 .text.notify_ready
                0x00001724       0x14 contiki-srf06-cc26xx.a(bmp-280-sensor.)
 .text.enable_sensor
                0x00001738       0x2c contiki-srf06-cc26xx.a(bmp-280-sensor.)
 .text.configure
                0x00001764       0x94 contiki-srf06-cc26xx.a(bmp-280-sensor.)
 .text.value    0x000017f8      0x15c contiki-srf06-cc26xx.a(bmp-280-sensor.)
 .text.status   0x00001954       0x14 contiki-srf06-cc26xx.a(tmp-007-sensor.)
 .text.notify_ready
                0x00001968       0x14 contiki-srf06-cc26xx.a(tmp-007-sensor.)
 .text.enable_sensor
                0x0000197c       0x2c contiki-srf06-cc26xx.a(tmp-007-sensor.)
 .text.configure
                0x000019a8       0x94 contiki-srf06-cc26xx.a(tmp-007-sensor.)
 .text.value    0x00001a3c       0xec contiki-srf06-cc26xx.a(tmp-007-sensor.)
 .text.status   0x00001b28        0xc contiki-srf06-cc26xx.a(opt-3001-sensor)
 .text.enable_sensor
                0x00001b34       0x44 contiki-srf06-cc26xx.a(opt-3001-sensor)
 .text.notify_ready
                0x00001b78       0x54 contiki-srf06-cc26xx.a(opt-3001-sensor)
 .text.configure
                0x00001bcc       0x4c contiki-srf06-cc26xx.a(opt-3001-sensor)
 .text.status   0x00001c18       0x14 contiki-srf06-cc26xx.a(hdc-1000-sensor)
 .text.notify_ready
                0x00001c2c       0x60 contiki-srf06-cc26xx.a(hdc-1000-sensor)
 .text.configure
                0x00001c8c       0xb8 contiki-srf06-cc26xx.a(hdc-1000-sensor)
 .text.acc_convert
                0x00001d44       0x70 contiki-srf06-cc26xx.a(mpu-9250-sensor)
 .text.status   0x00001db4       0x14 contiki-srf06-cc26xx.a(mpu-9250-sensor)
 .text.notify_ready
                0x00001dc8       0x14 contiki-srf06-cc26xx.a(mpu-9250-sensor)
 .text.sensor_sleep
                0x00001ddc       0x38 contiki-srf06-cc26xx.a(mpu-9250-sensor)
 .text.configure
                0x00001e14       0xdc contiki-srf06-cc26xx.a(mpu-9250-sensor)
 .text.int_status
                0x00001ef0       0x28 contiki-srf06-cc26xx.a(mpu-9250-sensor)
 .text.initialise
                0x00001f18       0xfc contiki-srf06-cc26xx.a(mpu-9250-sensor)
 .text.status.part.0
                0x00002014       0x14 contiki-srf06-cc26xx.a(button-sensor.o)
 .text.value_left
                0x00002028       0x24 contiki-srf06-cc26xx.a(button-sensor.o)
 .text.value_right
                0x0000204c       0x18 contiki-srf06-cc26xx.a(button-sensor.o)
 .text.status_left
                0x00002064       0x10 contiki-srf06-cc26xx.a(button-sensor.o)
 .text.status_right
                0x00002074       0x10 contiki-srf06-cc26xx.a(button-sensor.o)
 .text.config_buttons
                0x00002084       0x8c contiki-srf06-cc26xx.a(button-sensor.o)
 .text.config_left
                0x00002110        0xc contiki-srf06-cc26xx.a(button-sensor.o)
 .text.config_right
                0x0000211c        0xc contiki-srf06-cc26xx.a(button-sensor.o)
 .text.button_press_handler
                0x00002128       0x64 contiki-srf06-cc26xx.a(button-sensor.o)
 .text.value    0x0000218c       0x10 contiki-srf06-cc26xx.a(reed-relay.o)
 .text.status   0x0000219c       0x20 contiki-srf06-cc26xx.a(reed-relay.o)
 .text.configure
                0x000021bc       0x6c contiki-srf06-cc26xx.a(reed-relay.o)
 .text.reed_interrupt_handler
                0x00002228       0x28 contiki-srf06-cc26xx.a(reed-relay.o)
 .text.buzzer_init
                0x00002250        0xc contiki-srf06-cc26xx.a(buzzer.o)
                0x00002250                buzzer_init
 .text.buzzer_start
                0x0000225c       0xa4 contiki-srf06-cc26xx.a(buzzer.o)
                0x0000225c                buzzer_start
 .text.buzzer_stop
                0x00002300       0x74 contiki-srf06-cc26xx.a(buzzer.o)
                0x00002300                buzzer_stop
 .text.power_domains_on
                0x00002374       0x20 contiki-srf06-cc26xx.a(board.o)
 .text.lpm_wakeup_handler
                0x00002394        0x4 contiki-srf06-cc26xx.a(board.o)
 .text.shutdown_handler
                0x00002398       0x68 contiki-srf06-cc26xx.a(board.o)
 .text.board_init
                0x00002400      0x118 contiki-srf06-cc26xx.a(board.o)
                0x00002400                board_init
 .text.i2c_status
                0x00002518       0x34 contiki-srf06-cc26xx.a(board-i2c.o)
 .text.accessible
                0x0000254c       0x24 contiki-srf06-cc26xx.a(board-i2c.o)
 .text.board_i2c_wakeup
                0x00002570       0x5c contiki-srf06-cc26xx.a(board-i2c.o)
                0x00002570                board_i2c_wakeup
 .text.board_i2c_shutdown
                0x000025cc       0xa4 contiki-srf06-cc26xx.a(board-i2c.o)
                0x000025cc                board_i2c_shutdown
 .text.board_i2c_write
                0x00002670       0xc0 contiki-srf06-cc26xx.a(board-i2c.o)
                0x00002670                board_i2c_write
 .text.board_i2c_write_single
                0x00002730       0x44 contiki-srf06-cc26xx.a(board-i2c.o)
                0x00002730                board_i2c_write_single
 .text.board_i2c_read
                0x00002774       0xb4 contiki-srf06-cc26xx.a(board-i2c.o)
                0x00002774                board_i2c_read
 .text.board_i2c_write_read
                0x00002828      0x138 contiki-srf06-cc26xx.a(board-i2c.o)
                0x00002828                board_i2c_write_read
 .text.board_i2c_select
                0x00002960       0xdc contiki-srf06-cc26xx.a(board-i2c.o)
                0x00002960                board_i2c_select
 .text.power_domain_on
                0x00002a3c       0x20 contiki-srf06-cc26xx.a(clock.o)
 .text.clock_init
                0x00002a5c       0x90 contiki-srf06-cc26xx.a(clock.o)
                0x00002a5c                clock_init
 .text.clock_time
                0x00002aec       0x34 contiki-srf06-cc26xx.a(clock.o)
                0x00002aec                clock_time
 .text.clock_update
                0x00002b20       0x3c contiki-srf06-cc26xx.a(clock.o)
                0x00002b20                clock_update
 .text.rtimer_arch_init
                0x00002b5c        0x4 contiki-srf06-cc26xx.a(rtimer-arch.o)
                0x00002b5c                rtimer_arch_init
 .text.rtimer_arch_schedule
                0x00002b60        0x8 contiki-srf06-cc26xx.a(rtimer-arch.o)
                0x00002b60                rtimer_arch_schedule
 .text.rtimer_arch_now
                0x00002b68        0x4 contiki-srf06-cc26xx.a(rtimer-arch.o)
                0x00002b68                rtimer_arch_now
 .text.soc_rtc_init
                0x00002b6c       0x94 contiki-srf06-cc26xx.a(soc-rtc.o)
                0x00002b6c                soc_rtc_init
 .text.soc_rtc_get_next_trigger
                0x00002c00       0x28 contiki-srf06-cc26xx.a(soc-rtc.o)
                0x00002c00                soc_rtc_get_next_trigger
 .text.soc_rtc_schedule_one_shot
                0x00002c28       0x4c contiki-srf06-cc26xx.a(soc-rtc.o)
                0x00002c28                soc_rtc_schedule_one_shot
 .text.soc_rtc_last_isr_time
                0x00002c74        0xc contiki-srf06-cc26xx.a(soc-rtc.o)
                0x00002c74                soc_rtc_last_isr_time
 .text.AONRTCIntHandler
                0x00002c80       0x68 contiki-srf06-cc26xx.a(soc-rtc.o)
                0x00002c80                AONRTCIntHandler
 .text.lock_config
                0x00002ce8       0x18 contiki-srf06-cc26xx.a(contiki-watchdo)
 .text.unlock_config
                0x00002d00       0x2c contiki-srf06-cc26xx.a(contiki-watchdo)
 .text.watchdog_init
                0x00002d2c       0x1c contiki-srf06-cc26xx.a(contiki-watchdo)
                0x00002d2c                watchdog_init
 .text.watchdog_start
                0x00002d48       0x30 contiki-srf06-cc26xx.a(contiki-watchdo)
                0x00002d48                watchdog_start
 .text.watchdog_periodic
                0x00002d78       0x1c contiki-srf06-cc26xx.a(contiki-watchdo)
                0x00002d78                watchdog_periodic
 .text.putchar  0x00002d94       0x10 contiki-srf06-cc26xx.a(putchar.o)
                0x00002d94                putchar
 .text.puts     0x00002da4       0x30 contiki-srf06-cc26xx.a(putchar.o)
                0x00002da4                puts
 .text.dbg_send_bytes
                0x00002dd4       0x40 contiki-srf06-cc26xx.a(putchar.o)
                0x00002dd4                dbg_send_bytes
 .text.ieee_addr_cpy_to
                0x00002e14       0x40 contiki-srf06-cc26xx.a(ieee-addr.o)
                0x00002e14                ieee_addr_cpy_to
 .text.power_and_clock
                0x00002e54       0x40 contiki-srf06-cc26xx.a(cc26xx-uart.o)
 .text.enable   0x00002e94       0xf4 contiki-srf06-cc26xx.a(cc26xx-uart.o)
 .text.accessible
                0x00002f88       0x24 contiki-srf06-cc26xx.a(cc26xx-uart.o)
 .text.lpm_drop_handler
                0x00002fac       0xcc contiki-srf06-cc26xx.a(cc26xx-uart.o)
 .text.cc26xx_uart_init
                0x00003078       0x28 contiki-srf06-cc26xx.a(cc26xx-uart.o)
                0x00003078                cc26xx_uart_init
 .text.cc26xx_uart_write_byte
                0x000030a0       0x28 contiki-srf06-cc26xx.a(cc26xx-uart.o)
                0x000030a0                cc26xx_uart_write_byte
 .text.cc26xx_uart_set_input
                0x000030c8       0x64 contiki-srf06-cc26xx.a(cc26xx-uart.o)
                0x000030c8                cc26xx_uart_set_input
 .text.cc26xx_uart_busy
                0x0000312c       0x18 contiki-srf06-cc26xx.a(cc26xx-uart.o)
                0x0000312c                cc26xx_uart_busy
 .text.UART0IntHandler
                0x00003144       0x54 contiki-srf06-cc26xx.a(cc26xx-uart.o)
                0x00003144                UART0IntHandler
 .text.lpm_shutdown
                0x00003198      0x1b8 contiki-srf06-cc26xx.a(lpm.o)
                0x00003198                lpm_shutdown
 .text.lpm_drop
                0x00003350      0x1fc contiki-srf06-cc26xx.a(lpm.o)
                0x00003350                lpm_drop
 .text.lpm_sleep
                0x0000354c       0x14 contiki-srf06-cc26xx.a(lpm.o)
                0x0000354c                lpm_sleep
 .text.lpm_register_module
                0x00003560        0xc contiki-srf06-cc26xx.a(lpm.o)
                0x00003560                lpm_register_module
 .text.lpm_unregister_module
                0x0000356c        0xc contiki-srf06-cc26xx.a(lpm.o)
                0x0000356c                lpm_unregister_module
 .text.lpm_init
                0x00003578       0x20 contiki-srf06-cc26xx.a(lpm.o)
                0x00003578                lpm_init
 .text.lpm_pin_set_default_state
                0x00003598       0x30 contiki-srf06-cc26xx.a(lpm.o)
                0x00003598                lpm_pin_set_default_state
 .text.gpio_interrupt_register_handler
                0x000035c8       0x2c contiki-srf06-cc26xx.a(gpio-interrupt.)
                0x000035c8                gpio_interrupt_register_handler
 .text.gpio_interrupt_init
                0x000035f4       0x24 contiki-srf06-cc26xx.a(gpio-interrupt.)
                0x000035f4                gpio_interrupt_init
 .text.GPIOIntHandler
                0x00003618       0x30 contiki-srf06-cc26xx.a(gpio-interrupt.)
                0x00003618                GPIOIntHandler
 .text.osc_interface_dis
                0x00003648       0x28 contiki-srf06-cc26xx.a(oscillators.o)
 .text.osc_interface_en
                0x00003670       0x30 contiki-srf06-cc26xx.a(oscillators.o)
 .text.oscillators_select_lf_xosc
                0x000036a0       0x48 contiki-srf06-cc26xx.a(oscillators.o)
                0x000036a0                oscillators_select_lf_xosc
 .text.oscillators_select_lf_rcosc
                0x000036e8       0x30 contiki-srf06-cc26xx.a(oscillators.o)
                0x000036e8                oscillators_select_lf_rcosc
 .text.oscillators_request_hf_xosc
                0x00003718       0x24 contiki-srf06-cc26xx.a(oscillators.o)
                0x00003718                oscillators_request_hf_xosc
 .text.oscillators_switch_to_hf_xosc
                0x0000373c       0x28 contiki-srf06-cc26xx.a(oscillators.o)
                0x0000373c                oscillators_switch_to_hf_xosc
 .text.oscillators_switch_to_hf_rc
                0x00003764       0x2c contiki-srf06-cc26xx.a(oscillators.o)
                0x00003764                oscillators_switch_to_hf_rc
 .text.request  0x00003790       0x20 contiki-srf06-cc26xx.a(ieee-mode.o)
 .text.rx_on    0x000037b0       0x60 contiki-srf06-cc26xx.a(ieee-mode.o)
 .text.rf_radio_setup
                0x00003810       0x74 contiki-srf06-cc26xx.a(ieee-mode.o)
 .text.soft_on  0x00003884       0x18 contiki-srf06-cc26xx.a(ieee-mode.o)
 .text.pending_packet
                0x0000389c       0x34 contiki-srf06-cc26xx.a(ieee-mode.o)
 .text.prepare  0x000038d0       0x1c contiki-srf06-cc26xx.a(ieee-mode.o)
 .text.read_frame
                0x000038ec       0x58 contiki-srf06-cc26xx.a(ieee-mode.o)
 .text.soft_off
                0x00003944       0x3c contiki-srf06-cc26xx.a(ieee-mode.o)
 .text.get_object
                0x00003980       0x30 contiki-srf06-cc26xx.a(ieee-mode.o)
 .text.transmitting
                0x000039b0       0x4c contiki-srf06-cc26xx.a(ieee-mode.o)
 .text.rx_off   0x000039fc       0x5c contiki-srf06-cc26xx.a(ieee-mode.o)
 .text.get_cca_info
                0x00003a58       0x44 contiki-srf06-cc26xx.a(ieee-mode.o)
 .text.off      0x00003a9c       0x4c contiki-srf06-cc26xx.a(ieee-mode.o)
 .text.receiving_packet
                0x00003ae8       0x40 contiki-srf06-cc26xx.a(ieee-mode.o)
 .text.on       0x00003b28       0x9c contiki-srf06-cc26xx.a(ieee-mode.o)
 .text.set_value
                0x00003bc4      0x158 contiki-srf06-cc26xx.a(ieee-mode.o)
 .text.get_value
                0x00003d1c      0x138 contiki-srf06-cc26xx.a(ieee-mode.o)
 .text.transmit
                0x00003e54       0xbc contiki-srf06-cc26xx.a(ieee-mode.o)
 .text.send     0x00003f10       0x24 contiki-srf06-cc26xx.a(ieee-mode.o)
 .text.set_object
                0x00003f34       0x68 contiki-srf06-cc26xx.a(ieee-mode.o)
 .text.channel_clear
                0x00003f9c       0x68 contiki-srf06-cc26xx.a(ieee-mode.o)
 .text.init     0x00004004       0xe0 contiki-srf06-cc26xx.a(ieee-mode.o)
 .text.write_str
                0x000040e4       0x14 contiki-srf06-cc26xx.a(dbg-printf.o)
 .text.printf   0x000040f8       0x24 contiki-srf06-cc26xx.a(dbg-printf.o)
                0x000040f8                printf
 .text.fill_space
                0x0000411c       0x3c contiki-srf06-cc26xx.a(strformat.o)
 .text.format_str_v
                0x00004158      0x95c contiki-srf06-cc26xx.a(strformat.o)
                0x00004158                format_str_v
 .text.autostart_start
                0x00004ab4       0x18 contiki-srf06-cc26xx.a(autostart.o)
                0x00004ab4                autostart_start
 .text.process_thread_ctimer_process
                0x00004acc       0x94 contiki-srf06-cc26xx.a(ctimer.o)
 .text.ctimer_init
                0x00004b60       0x28 contiki-srf06-cc26xx.a(ctimer.o)
                0x00004b60                ctimer_init
 .text.ctimer_set_with_process
                0x00004b88       0x4c contiki-srf06-cc26xx.a(ctimer.o)
                0x00004b88                ctimer_set_with_process
 .text.ctimer_set
                0x00004bd4       0x18 contiki-srf06-cc26xx.a(ctimer.o)
                0x00004bd4                ctimer_set
 .text.ctimer_reset
                0x00004bec       0x38 contiki-srf06-cc26xx.a(ctimer.o)
                0x00004bec                ctimer_reset
 .text.ctimer_stop
                0x00004c24       0x34 contiki-srf06-cc26xx.a(ctimer.o)
                0x00004c24                ctimer_stop
 .text.energest_init
                0x00004c58        0x4 contiki-srf06-cc26xx.a(energest.o)
                0x00004c58                energest_init
 .text.update_time
                0x00004c5c       0x44 contiki-srf06-cc26xx.a(etimer.o)
 .text.process_thread_etimer_process
                0x00004ca0       0xc8 contiki-srf06-cc26xx.a(etimer.o)
 .text.add_timer
                0x00004d68       0x54 contiki-srf06-cc26xx.a(etimer.o)
 .text.etimer_request_poll
                0x00004dbc        0xc contiki-srf06-cc26xx.a(etimer.o)
                0x00004dbc                etimer_request_poll
 .text.etimer_set
                0x00004dc8       0x14 contiki-srf06-cc26xx.a(etimer.o)
                0x00004dc8                etimer_set
 .text.etimer_reset
                0x00004ddc       0x14 contiki-srf06-cc26xx.a(etimer.o)
                0x00004ddc                etimer_reset
 .text.etimer_pending
                0x00004df0       0x10 contiki-srf06-cc26xx.a(etimer.o)
                0x00004df0                etimer_pending
 .text.etimer_next_expiration_time
                0x00004e00       0x14 contiki-srf06-cc26xx.a(etimer.o)
                0x00004e00                etimer_next_expiration_time
 .text.etimer_stop
                0x00004e14       0x4c contiki-srf06-cc26xx.a(etimer.o)
                0x00004e14                etimer_stop
 .text.exit_process
                0x00004e60       0xb0 contiki-srf06-cc26xx.a(process.o)
 .text.call_process.part.0
                0x00004f10       0x38 contiki-srf06-cc26xx.a(process.o)
 .text.do_poll  0x00004f48       0x3c contiki-srf06-cc26xx.a(process.o)
 .text.process_alloc_event
                0x00004f84       0x10 contiki-srf06-cc26xx.a(process.o)
                0x00004f84                process_alloc_event
 .text.process_init
                0x00004f94       0x34 contiki-srf06-cc26xx.a(process.o)
                0x00004f94                process_init
 .text.process_run
                0x00004fc8       0xd8 contiki-srf06-cc26xx.a(process.o)
                0x00004fc8                process_run
 .text.process_nevents
                0x000050a0       0x14 contiki-srf06-cc26xx.a(process.o)
                0x000050a0                process_nevents
 .text.process_post
                0x000050b4       0x50 contiki-srf06-cc26xx.a(process.o)
                0x000050b4                process_post
 .text.process_post_synch
                0x00005104       0x18 contiki-srf06-cc26xx.a(process.o)
                0x00005104                process_post_synch
 .text.process_start
                0x0000511c       0x40 contiki-srf06-cc26xx.a(process.o)
                0x0000511c                process_start
 .text.process_poll
                0x0000515c       0x18 contiki-srf06-cc26xx.a(process.o)
                0x0000515c                process_poll
 .text.rtimer_init
                0x00005174        0x4 contiki-srf06-cc26xx.a(rtimer.o)
                0x00005174                rtimer_init
 .text.rtimer_set
                0x00005178       0x2c contiki-srf06-cc26xx.a(rtimer.o)
                0x00005178                rtimer_set
 .text.rtimer_run_next
                0x000051a4       0x28 contiki-srf06-cc26xx.a(rtimer.o)
                0x000051a4                rtimer_run_next
 .text.timer_set
                0x000051cc       0x10 contiki-srf06-cc26xx.a(timer.o)
                0x000051cc                timer_set
 .text.timer_reset
                0x000051dc        0xc contiki-srf06-cc26xx.a(timer.o)
                0x000051dc                timer_reset
 .text.timer_expired
                0x000051e8       0x1c contiki-srf06-cc26xx.a(timer.o)
                0x000051e8                timer_expired
 .text.process_thread_serial_line_process
                0x00005204       0xac contiki-srf06-cc26xx.a(serial-line.o)
 .text.serial_line_input_byte
                0x000052b0       0x54 contiki-srf06-cc26xx.a(serial-line.o)
                0x000052b0                serial_line_input_byte
 .text.serial_line_init
                0x00005304       0x24 contiki-srf06-cc26xx.a(serial-line.o)
                0x00005304                serial_line_init
 .text.list_init
                0x00005328        0x8 contiki-srf06-cc26xx.a(list.o)
                0x00005328                list_init
 .text.list_head
                0x00005330        0x4 contiki-srf06-cc26xx.a(list.o)
                0x00005330                list_head
 .text.list_add
                0x00005334       0x48 contiki-srf06-cc26xx.a(list.o)
                0x00005334                list_add
 .text.list_push
                0x0000537c       0x40 contiki-srf06-cc26xx.a(list.o)
                0x0000537c                list_push
 .text.list_remove
                0x000053bc       0x2c contiki-srf06-cc26xx.a(list.o)
                0x000053bc                list_remove
 .text.list_length
                0x000053e8       0x14 contiki-srf06-cc26xx.a(list.o)
                0x000053e8                list_length
 .text.list_item_next
                0x000053fc        0x8 contiki-srf06-cc26xx.a(list.o)
                0x000053fc                list_item_next
 .text.random_init
                0x00005404        0x4 contiki-srf06-cc26xx.a(random.o)
                0x00005404                random_init
 .text.random_rand
                0x00005408        0xc contiki-srf06-cc26xx.a(random.o)
                0x00005408                random_rand
 .text.ringbuf_init
                0x00005414       0x10 contiki-srf06-cc26xx.a(ringbuf.o)
                0x00005414                ringbuf_init
 .text.ringbuf_put
                0x00005424       0x30 contiki-srf06-cc26xx.a(ringbuf.o)
                0x00005424                ringbuf_put
 .text.ringbuf_get
                0x00005454       0x28 contiki-srf06-cc26xx.a(ringbuf.o)
                0x00005454                ringbuf_get
 .text.packet_sent
                0x0000547c       0x38 contiki-srf06-cc26xx.a(rime.o)
 .text.input    0x000054b4       0x38 contiki-srf06-cc26xx.a(rime.o)
 .text.init     0x000054ec       0x28 contiki-srf06-cc26xx.a(rime.o)
 .text.rime_output
                0x00005514       0x24 contiki-srf06-cc26xx.a(rime.o)
                0x00005514                rime_output
 .text.NOROM_AONRTCCurrentCompareValueGet
                0x00005538       0x24 contiki-srf06-cc26xx.a(aon_rtc.o)
                0x00005538                NOROM_AONRTCCurrentCompareValueGet
 .text.NOROM_CPUcpsid
                0x0000555c        0x8 contiki-srf06-cc26xx.a(cpu.o)
                0x0000555c                NOROM_CPUcpsid
 .text.NOROM_CPUcpsie
                0x00005564        0x8 contiki-srf06-cc26xx.a(cpu.o)
                0x00005564                NOROM_CPUcpsie
 .text.NOROM_CPUdelay
                0x0000556c        0x8 contiki-srf06-cc26xx.a(cpu.o)
                0x0000556c                NOROM_CPUdelay
 .text.NOROM_DDI16BitfieldWrite
                0x00005574       0x4c contiki-srf06-cc26xx.a(ddi.o)
                0x00005574                NOROM_DDI16BitfieldWrite
 .text.NOROM_DDI16BitfieldRead
                0x000055c0       0x48 contiki-srf06-cc26xx.a(ddi.o)
                0x000055c0                NOROM_DDI16BitfieldRead
 .text.NOROM_OSCClockSourceSet
                0x00005608       0x50 contiki-srf06-cc26xx.a(osc.o)
                0x00005608                NOROM_OSCClockSourceSet
 .text.NOROM_OSCClockSourceGet
                0x00005658       0x24 contiki-srf06-cc26xx.a(osc.o)
                0x00005658                NOROM_OSCClockSourceGet
 .text.NOROM_OSCInterfaceEnable
                0x0000567c       0x34 contiki-srf06-cc26xx.a(osc.o)
                0x0000567c                NOROM_OSCInterfaceEnable
 .text.NOROM_PowerCtrlSourceSet
                0x000056b0       0x30 contiki-srf06-cc26xx.a(pwr_ctrl.o)
                0x000056b0                NOROM_PowerCtrlSourceSet
 .text.HapiTrimDeviceShutDown
                0x000056e0      0x4f4 contiki-srf06-cc26xx.a(setup.o)
 .text.trimDevice
                0x00005bd4       0xfc contiki-srf06-cc26xx.a(setup.o)
                0x00005bd4                trimDevice
 .text.SysCtrlSetRechargeBeforePowerDown
                0x00005cd0      0x1e8 contiki-srf06-cc26xx.a(sys_ctrl.o)
                0x00005cd0                SysCtrlSetRechargeBeforePowerDown
 .text.SysCtrlAdjustRechargeAfterPowerDown
                0x00005eb8       0x64 contiki-srf06-cc26xx.a(sys_ctrl.o)
                0x00005eb8                SysCtrlAdjustRechargeAfterPowerDown
 .text.SysCtrl_DCDC_VoltageConditionalControl
                0x00005f1c       0x78 contiki-srf06-cc26xx.a(sys_ctrl.o)
                0x00005f1c                SysCtrl_DCDC_VoltageConditionalControl
 .text.linkaddr_copy
                0x00005f94        0x8 contiki-srf06-cc26xx.a(linkaddr.o)
                0x00005f94                linkaddr_copy
 .text.linkaddr_cmp
                0x00005f9c       0x10 contiki-srf06-cc26xx.a(linkaddr.o)
                0x00005f9c                linkaddr_cmp
 .text.netstack_init
                0x00005fac       0x38 contiki-srf06-cc26xx.a(netstack.o)
                0x00005fac                netstack_init
 .text.packetbuf_compact
                0x00005fe4       0x38 contiki-srf06-cc26xx.a(packetbuf.o)
                0x00005fe4                packetbuf_compact
 .text.packetbuf_copyto
                0x0000601c       0x50 contiki-srf06-cc26xx.a(packetbuf.o)
                0x0000601c                packetbuf_copyto
 .text.packetbuf_hdralloc
                0x0000606c       0x48 contiki-srf06-cc26xx.a(packetbuf.o)
                0x0000606c                packetbuf_hdralloc
 .text.packetbuf_hdrreduce
                0x000060b4       0x2c contiki-srf06-cc26xx.a(packetbuf.o)
                0x000060b4                packetbuf_hdrreduce
 .text.packetbuf_set_datalen
                0x000060e0        0xc contiki-srf06-cc26xx.a(packetbuf.o)
                0x000060e0                packetbuf_set_datalen
 .text.packetbuf_dataptr
                0x000060ec       0x14 contiki-srf06-cc26xx.a(packetbuf.o)
                0x000060ec                packetbuf_dataptr
 .text.packetbuf_hdrptr
                0x00006100       0x14 contiki-srf06-cc26xx.a(packetbuf.o)
                0x00006100                packetbuf_hdrptr
 .text.packetbuf_datalen
                0x00006114        0xc contiki-srf06-cc26xx.a(packetbuf.o)
                0x00006114                packetbuf_datalen
 .text.packetbuf_totlen
                0x00006120       0x28 contiki-srf06-cc26xx.a(packetbuf.o)
                0x00006120                packetbuf_totlen
 .text.packetbuf_attr_clear
                0x00006148       0x34 contiki-srf06-cc26xx.a(packetbuf.o)
                0x00006148                packetbuf_attr_clear
 .text.packetbuf_clear
                0x0000617c       0x34 contiki-srf06-cc26xx.a(packetbuf.o)
                0x0000617c                packetbuf_clear
 .text.packetbuf_copyfrom
                0x000061b0       0x2c contiki-srf06-cc26xx.a(packetbuf.o)
                0x000061b0                packetbuf_copyfrom
 .text.packetbuf_attr_copyto
                0x000061dc       0x3c contiki-srf06-cc26xx.a(packetbuf.o)
                0x000061dc                packetbuf_attr_copyto
 .text.packetbuf_attr_copyfrom
                0x00006218       0x3c contiki-srf06-cc26xx.a(packetbuf.o)
                0x00006218                packetbuf_attr_copyfrom
 .text.packetbuf_set_attr
                0x00006254       0x10 contiki-srf06-cc26xx.a(packetbuf.o)
                0x00006254                packetbuf_set_attr
 .text.packetbuf_attr
                0x00006264        0xc contiki-srf06-cc26xx.a(packetbuf.o)
                0x00006264                packetbuf_attr
 .text.packetbuf_set_addr
                0x00006270       0x18 contiki-srf06-cc26xx.a(packetbuf.o)
                0x00006270                packetbuf_set_addr
 .text.packetbuf_addr
                0x00006288       0x10 contiki-srf06-cc26xx.a(packetbuf.o)
                0x00006288                packetbuf_addr
 .text.packetbuf_holds_broadcast
                0x00006298       0x10 contiki-srf06-cc26xx.a(packetbuf.o)
                0x00006298                packetbuf_holds_broadcast
 .text.queuebuf_init
                0x000062a8       0x1c contiki-srf06-cc26xx.a(queuebuf.o)
                0x000062a8                queuebuf_init
 .text.queuebuf_new_from_packetbuf
                0x000062c4       0x48 contiki-srf06-cc26xx.a(queuebuf.o)
                0x000062c4                queuebuf_new_from_packetbuf
 .text.queuebuf_update_attr_from_packetbuf
                0x0000630c        0xc contiki-srf06-cc26xx.a(queuebuf.o)
                0x0000630c                queuebuf_update_attr_from_packetbuf
 .text.queuebuf_update_from_packetbuf
                0x00006318       0x1c contiki-srf06-cc26xx.a(queuebuf.o)
                0x00006318                queuebuf_update_from_packetbuf
 .text.queuebuf_free
                0x00006334       0x2c contiki-srf06-cc26xx.a(queuebuf.o)
                0x00006334                queuebuf_free
 .text.queuebuf_to_packetbuf
                0x00006360       0x30 contiki-srf06-cc26xx.a(queuebuf.o)
                0x00006360                queuebuf_to_packetbuf
 .text.queuebuf_attr
                0x00006390        0xc contiki-srf06-cc26xx.a(queuebuf.o)
                0x00006390                queuebuf_attr
 .text.input_packet
                0x0000639c        0xc contiki-srf06-cc26xx.a(csma.o)
 .text.on       0x000063a8        0xc contiki-srf06-cc26xx.a(csma.o)
 .text.off      0x000063b4        0xc contiki-srf06-cc26xx.a(csma.o)
 .text.channel_check_interval
                0x000063c0       0x10 contiki-srf06-cc26xx.a(csma.o)
 .text.transmit_packet_list
                0x000063d0       0x34 contiki-srf06-cc26xx.a(csma.o)
 .text.free_packet
                0x00006404       0x98 contiki-srf06-cc26xx.a(csma.o)
 .text.packet_sent
                0x0000649c      0x100 contiki-srf06-cc26xx.a(csma.o)
 .text.send_packet
                0x0000659c      0x174 contiki-srf06-cc26xx.a(csma.o)
 .text.init     0x00006710       0x24 contiki-srf06-cc26xx.a(csma.o)
 .text.mac_call_sent_callback
                0x00006734       0x10 contiki-srf06-cc26xx.a(mac.o)
                0x00006734                mac_call_sent_callback
 .text.duty_cycle
                0x00006744        0x4 contiki-srf06-cc26xx.a(contikimac.o)
 .text.init     0x00006748       0x40 contiki-srf06-cc26xx.a(contikimac.o)
 .text.on       0x00006788       0x2c contiki-srf06-cc26xx.a(contikimac.o)
 .text.off      0x000067b4       0x38 contiki-srf06-cc26xx.a(contikimac.o)
 .text.recv_burst_off
                0x000067ec       0x14 contiki-srf06-cc26xx.a(contikimac.o)
 .text.powercycle_turn_radio_off.part.2
                0x00006800       0x10 contiki-srf06-cc26xx.a(contikimac.o)
 .text.turn_off
                0x00006810       0x48 contiki-srf06-cc26xx.a(contikimac.o)
 .text.turn_on  0x00006858       0x40 contiki-srf06-cc26xx.a(contikimac.o)
 .text.schedule_powercycle_fixed.part.5
                0x00006898       0x2c contiki-srf06-cc26xx.a(contikimac.o)
 .text.input_packet
                0x000068c4       0xac contiki-srf06-cc26xx.a(contikimac.o)
 .text.send_packet.isra.8
                0x00006970      0x228 contiki-srf06-cc26xx.a(contikimac.o)
 .text.qsend_list
                0x00006b98       0xe0 contiki-srf06-cc26xx.a(contikimac.o)
 .text.qsend_packet
                0x00006c78       0x24 contiki-srf06-cc26xx.a(contikimac.o)
 .text.powercycle_wrapper
                0x00006c9c      0x234 contiki-srf06-cc26xx.a(contikimac.o)
 .text.init     0x00006ed0        0x4 contiki-srf06-cc26xx.a(nullsec.o)
 .text.input    0x00006ed4        0xc contiki-srf06-cc26xx.a(nullsec.o)
 .text.send     0x00006ee0       0x20 contiki-srf06-cc26xx.a(nullsec.o)
 .text.sensor_common_read_reg
                0x00006f00       0x1c contiki-srf06-cc26xx.a(sensor-common.o)
                0x00006f00                sensor_common_read_reg
 .text.sensor_common_write_reg
                0x00006f1c       0x38 contiki-srf06-cc26xx.a(sensor-common.o)
                0x00006f1c                sensor_common_write_reg
 .text.sensor_common_set_error_data
                0x00006f54       0x10 contiki-srf06-cc26xx.a(sensor-common.o)
                0x00006f54                sensor_common_set_error_data
 .text.verify_part
                0x00006f64       0x6c contiki-srf06-cc26xx.a(ext-flash.o)
 .text.wait_ready
                0x00006fd0       0x64 contiki-srf06-cc26xx.a(ext-flash.o)
 .text.power_down
                0x00007034       0x50 contiki-srf06-cc26xx.a(ext-flash.o)
 .text.ext_flash_open
                0x00007084       0x60 contiki-srf06-cc26xx.a(ext-flash.o)
                0x00007084                ext_flash_open
 .text.ext_flash_init
                0x000070e4       0x14 contiki-srf06-cc26xx.a(ext-flash.o)
                0x000070e4                ext_flash_init
 .text.accessible
                0x000070f8       0x24 contiki-srf06-cc26xx.a(board-spi.o)
 .text.board_spi_write
                0x0000711c       0x3c contiki-srf06-cc26xx.a(board-spi.o)
                0x0000711c                board_spi_write
 .text.board_spi_read
                0x00007158       0x48 contiki-srf06-cc26xx.a(board-spi.o)
                0x00007158                board_spi_read
 .text.board_spi_flush
                0x000071a0       0x24 contiki-srf06-cc26xx.a(board-spi.o)
                0x000071a0                board_spi_flush
 .text.board_spi_open
                0x000071c4       0xc0 contiki-srf06-cc26xx.a(board-spi.o)
                0x000071c4                board_spi_open
 .text.board_spi_close
                0x00007284       0x70 contiki-srf06-cc26xx.a(board-spi.o)
                0x00007284                board_spi_close
 .text.process_thread_rf_core_process
                0x000072f4       0x58 contiki-srf06-cc26xx.a(rf-core.o)
 .text.rf_core_is_accessible
                0x0000734c       0x10 contiki-srf06-cc26xx.a(rf-core.o)
                0x0000734c                rf_core_is_accessible
 .text.rf_core_send_cmd
                0x0000735c       0xa4 contiki-srf06-cc26xx.a(rf-core.o)
                0x0000735c                rf_core_send_cmd
 .text.rf_core_wait_cmd_done
                0x00007400       0x30 contiki-srf06-cc26xx.a(rf-core.o)
                0x00007400                rf_core_wait_cmd_done
 .text.rf_core_power_up
                0x00007430       0xb4 contiki-srf06-cc26xx.a(rf-core.o)
                0x00007430                rf_core_power_up
 .text.rf_core_power_down
                0x000074e4       0xe8 contiki-srf06-cc26xx.a(rf-core.o)
                0x000074e4                rf_core_power_down
 .text.rf_core_set_modesel
                0x000075cc       0x68 contiki-srf06-cc26xx.a(rf-core.o)
                0x000075cc                rf_core_set_modesel
 .text.rf_core_boot
                0x00007634       0x30 contiki-srf06-cc26xx.a(rf-core.o)
                0x00007634                rf_core_boot
 .text.rf_core_setup_interrupts
                0x00007664       0x6c contiki-srf06-cc26xx.a(rf-core.o)
                0x00007664                rf_core_setup_interrupts
 .text.rf_core_cmd_done_en
                0x000076d0       0x28 contiki-srf06-cc26xx.a(rf-core.o)
                0x000076d0                rf_core_cmd_done_en
 .text.rf_core_cmd_done_dis
                0x000076f8       0x10 contiki-srf06-cc26xx.a(rf-core.o)
                0x000076f8                rf_core_cmd_done_dis
 .text.rf_core_get_last_radio_op
                0x00007708        0xc contiki-srf06-cc26xx.a(rf-core.o)
                0x00007708                rf_core_get_last_radio_op
 .text.rf_core_init_radio_op
                0x00007714       0x20 contiki-srf06-cc26xx.a(rf-core.o)
                0x00007714                rf_core_init_radio_op
 .text.rf_core_primary_mode_register
                0x00007734        0xc contiki-srf06-cc26xx.a(rf-core.o)
                0x00007734                rf_core_primary_mode_register
 .text.RFCCPE1IntHandler
                0x00007740       0x28 contiki-srf06-cc26xx.a(rf-core.o)
                0x00007740                RFCCPE1IntHandler
 .text.RFCCPE0IntHandler
                0x00007768       0x5c contiki-srf06-cc26xx.a(rf-core.o)
                0x00007768                RFCCPE0IntHandler
 .text.rf_ble_is_active
                0x000077c4        0xc contiki-srf06-cc26xx.a(rf-ble.o)
                0x000077c4                rf_ble_is_active
 .text.memb_init
                0x000077d0       0x24 contiki-srf06-cc26xx.a(memb.o)
                0x000077d0                memb_init
 .text.memb_alloc
                0x000077f4       0x3c contiki-srf06-cc26xx.a(memb.o)
                0x000077f4                memb_alloc
 .text.memb_free
                0x00007830       0x44 contiki-srf06-cc26xx.a(memb.o)
                0x00007830                memb_free
 .text.memb_inmemb
                0x00007874       0x1c contiki-srf06-cc26xx.a(memb.o)
                0x00007874                memb_inmemb
 .text.abc_open
                0x00007890       0x20 contiki-srf06-cc26xx.a(abc.o)
                0x00007890                abc_open
 .text.abc_send
                0x000078b0        0x4 contiki-srf06-cc26xx.a(abc.o)
                0x000078b0                abc_send
 .text.abc_input
                0x000078b4        0xc contiki-srf06-cc26xx.a(abc.o)
                0x000078b4                abc_input
 .text.abc_sent
                0x000078c0        0xc contiki-srf06-cc26xx.a(abc.o)
                0x000078c0                abc_sent
 .text.announcement_init
                0x000078cc        0xc contiki-srf06-cc26xx.a(announcement.o)
                0x000078cc                announcement_init
 .text.announcement_register_observer_callback
                0x000078d8        0xc contiki-srf06-cc26xx.a(announcement.o)
                0x000078d8                announcement_register_observer_callback
 .text.announcement_list
                0x000078e4        0xc contiki-srf06-cc26xx.a(announcement.o)
                0x000078e4                announcement_list
 .text.announcement_heard
                0x000078f0       0x3c contiki-srf06-cc26xx.a(announcement.o)
                0x000078f0                announcement_heard
 .text.adv_packet_sent
                0x0000792c        0x4 contiki-srf06-cc26xx.a(broadcast-annou)
 .text.set_timers
                0x00007930       0x3c contiki-srf06-cc26xx.a(broadcast-annou)
 .text.send_timer
                0x0000796c       0x18 contiki-srf06-cc26xx.a(broadcast-annou)
 .text.send_adv
                0x00007984       0x58 contiki-srf06-cc26xx.a(broadcast-annou)
 .text.adv_packet_received
                0x000079dc       0x48 contiki-srf06-cc26xx.a(broadcast-annou)
 .text.new_announcement
                0x00007a24       0x18 contiki-srf06-cc26xx.a(broadcast-annou)
 .text.broadcast_announcement_init
                0x00007a3c       0x30 contiki-srf06-cc26xx.a(broadcast-annou)
                0x00007a3c                broadcast_announcement_init
 .text.sent_by_abc
                0x00007a6c        0xc contiki-srf06-cc26xx.a(broadcast.o)
 .text.recv_from_abc
                0x00007a78       0x24 contiki-srf06-cc26xx.a(broadcast.o)
 .text.broadcast_open
                0x00007a9c       0x24 contiki-srf06-cc26xx.a(broadcast.o)
                0x00007a9c                broadcast_open
 .text.broadcast_send
                0x00007ac0       0x1c contiki-srf06-cc26xx.a(broadcast.o)
                0x00007ac0                broadcast_send
 .text.chameleon_init
                0x00007adc        0x4 contiki-srf06-cc26xx.a(chameleon.o)
                0x00007adc                chameleon_init
 .text.chameleon_parse
                0x00007ae0       0x1c contiki-srf06-cc26xx.a(chameleon.o)
                0x00007ae0                chameleon_parse
 .text.chameleon_create
                0x00007afc       0x20 contiki-srf06-cc26xx.a(chameleon.o)
                0x00007afc                chameleon_create
 .text.chameleon_hdrsize
                0x00007b1c        0xc contiki-srf06-cc26xx.a(chameleon.o)
                0x00007b1c                chameleon_hdrsize
 .text.channel_init
                0x00007b28        0xc contiki-srf06-cc26xx.a(channel.o)
                0x00007b28                channel_init
 .text.channel_open
                0x00007b34       0x10 contiki-srf06-cc26xx.a(channel.o)
                0x00007b34                channel_open
 .text.channel_lookup
                0x00007b44       0x30 contiki-srf06-cc26xx.a(channel.o)
                0x00007b44                channel_lookup
 .text.channel_set_attributes
                0x00007b74       0x18 contiki-srf06-cc26xx.a(channel.o)
                0x00007b74                channel_set_attributes
 .text.AONBatMonTemperatureGetDegC
                0x00007b8c       0x30 contiki-srf06-cc26xx.a(aon_batmon.o)
                0x00007b8c                AONBatMonTemperatureGetDegC
 .text.ChipInfo_GetSupportedProtocol_BV
                0x00007bbc       0x10 contiki-srf06-cc26xx.a(chipinfo.o)
                0x00007bbc                ChipInfo_GetSupportedProtocol_BV
 .text.ChipInfo_GetChipFamily
                0x00007bcc       0x38 contiki-srf06-cc26xx.a(chipinfo.o)
                0x00007bcc                ChipInfo_GetChipFamily
 .text.ChipInfo_GetHwRevision
                0x00007c04       0x98 contiki-srf06-cc26xx.a(chipinfo.o)
                0x00007c04                ChipInfo_GetHwRevision
 .text.ThisCodeIsBuiltForCC26xxHwRev22AndLater_HaltIfViolated
                0x00007c9c       0x2c contiki-srf06-cc26xx.a(chipinfo.o)
                0x00007c9c                ThisCodeIsBuiltForCC26xxHwRev22AndLater_HaltIfViolated
 .text.parse    0x00007cc8       0xa4 contiki-srf06-cc26xx.a(framer-802154.o)
 .text.create_frame.isra.0
                0x00007d6c      0x138 contiki-srf06-cc26xx.a(framer-802154.o)
 .text.create   0x00007ea4        0x8 contiki-srf06-cc26xx.a(framer-802154.o)
 .text.hdr_length
                0x00007eac        0x8 contiki-srf06-cc26xx.a(framer-802154.o)
 .text.mac_sequence_is_duplicate
                0x00007eb4       0x3c contiki-srf06-cc26xx.a(mac-sequence.o)
                0x00007eb4                mac_sequence_is_duplicate
 .text.mac_sequence_register_seqno
                0x00007ef0       0x58 contiki-srf06-cc26xx.a(mac-sequence.o)
                0x00007ef0                mac_sequence_register_seqno
 .text.header_size
                0x00007f48       0x1c contiki-srf06-cc26xx.a(chameleon-bitop)
 .text.get_bits
                0x00007f64       0xa8 contiki-srf06-cc26xx.a(chameleon-bitop)
                0x00007f64                get_bits
 .text.unpack_header
                0x0000800c       0xb8 contiki-srf06-cc26xx.a(chameleon-bitop)
 .text.set_bits
                0x000080c4       0xcc contiki-srf06-cc26xx.a(chameleon-bitop)
                0x000080c4                set_bits
 .text.pack_header
                0x00008190       0xa8 contiki-srf06-cc26xx.a(chameleon-bitop)
 .text.frame802154_get_pan_id
                0x00008238        0xc contiki-srf06-cc26xx.a(frame802154.o)
                0x00008238                frame802154_get_pan_id
 .text.frame802154_has_panid
                0x00008244       0x54 contiki-srf06-cc26xx.a(frame802154.o)
                0x00008244                frame802154_has_panid
 .text.field_len
                0x00008298       0x9c contiki-srf06-cc26xx.a(frame802154.o)
 .text.frame802154_is_broadcast_addr
                0x00008334       0x20 contiki-srf06-cc26xx.a(frame802154.o)
                0x00008334                frame802154_is_broadcast_addr
 .text.frame802154_hdrlen
                0x00008354       0x34 contiki-srf06-cc26xx.a(frame802154.o)
                0x00008354                frame802154_hdrlen
 .text.frame802154_create
                0x00008388      0x10c contiki-srf06-cc26xx.a(frame802154.o)
                0x00008388                frame802154_create
 .text.frame802154_parse
                0x00008494      0x17c contiki-srf06-cc26xx.a(frame802154.o)
                0x00008494                frame802154_parse
 .text.exp2     0x00008610       0x10 /usr/bin/../lib/gcc/arm-none-eabi/4.9.3/../../../../arm-none-eabi/lib/armv7-m/libm.a(lib_a-w_exp2.o)
                0x00008610                exp2
 .text.pow      0x00008620      0x2f0 /usr/bin/../lib/gcc/arm-none-eabi/4.9.3/../../../../arm-none-eabi/lib/armv7-m/libm.a(lib_a-w_pow.o)
                0x00008620                pow
 .text.__ieee754_sqrt
                0x00008910      0x18c /usr/bin/../lib/gcc/arm-none-eabi/4.9.3/../../../../arm-none-eabi/lib/armv7-m/libm.a(lib_a-e_sqrt.o)
                0x00008910                __ieee754_sqrt
 .text.fabs     0x00008a9c        0x8 /usr/bin/../lib/gcc/arm-none-eabi/4.9.3/../../../../arm-none-eabi/lib/armv7-m/libm.a(lib_a-s_fabs.o)
                0x00008a9c                fabs
 .text.finite   0x00008aa4        0xc /usr/bin/../lib/gcc/arm-none-eabi/4.9.3/../../../../arm-none-eabi/lib/armv7-m/libm.a(lib_a-s_finite.o)
                0x00008aa4                finite
 .text.__fpclassifyd
                0x00008ab0       0x58 /usr/bin/../lib/gcc/arm-none-eabi/4.9.3/../../../../arm-none-eabi/lib/armv7-m/libm.a(lib_a-s_fpclassify.o)
                0x00008ab0                __fpclassifyd
 .text.matherr  0x00008b08        0x4 /usr/bin/../lib/gcc/arm-none-eabi/4.9.3/../../../../arm-none-eabi/lib/armv7-m/libm.a(lib_a-s_matherr.o)
                0x00008b08                matherr
 .text.nan      0x00008b0c        0xc /usr/bin/../lib/gcc/arm-none-eabi/4.9.3/../../../../arm-none-eabi/lib/armv7-m/libm.a(lib_a-s_nan.o)
                0x00008b0c                nan
 .text.rint     0x00008b18      0x11c /usr/bin/../lib/gcc/arm-none-eabi/4.9.3/../../../../arm-none-eabi/lib/armv7-m/libm.a(lib_a-s_rint.o)
                0x00008b18                rint
 .text.copysign
                0x00008c34       0x10 /usr/bin/../lib/gcc/arm-none-eabi/4.9.3/../../../../arm-none-eabi/lib/armv7-m/libm.a(lib_a-s_copysign.o)
                0x00008c34                copysign
 .text          0x00008c44      0x370 /usr/bin/../lib/gcc/arm-none-eabi/4.9.3/armv7-m/libgcc.a(_arm_addsubdf3.o)
                0x00008c44                __aeabi_drsub
                0x00008c4c                __aeabi_dsub
                0x00008c4c                __subdf3
                0x00008c50                __adddf3
                0x00008c50                __aeabi_dadd
                0x00008ec8                __aeabi_ui2d
                0x00008ec8                __floatunsidf
                0x00008ee8                __floatsidf
                0x00008ee8                __aeabi_i2d
                0x00008f0c                __extendsfdf2
                0x00008f0c                __aeabi_f2d
                0x00008f48                __aeabi_ul2d
                0x00008f48                __floatundidf
                0x00008f58                __floatdidf
                0x00008f58                __aeabi_l2d
 .text          0x00008fb4      0x424 /usr/bin/../lib/gcc/arm-none-eabi/4.9.3/armv7-m/libgcc.a(_arm_muldivdf3.o)
                0x00008fb4                __aeabi_dmul
                0x00008fb4                __muldf3
                0x00009208                __aeabi_ddiv
                0x00009208                __divdf3
 .text          0x000093d8      0x110 /usr/bin/../lib/gcc/arm-none-eabi/4.9.3/armv7-m/libgcc.a(_arm_cmpdf2.o)
                0x000093d8                __gtdf2
                0x000093d8                __gedf2
                0x000093e0                __ltdf2
                0x000093e0                __ledf2
                0x000093e8                __cmpdf2
                0x000093e8                __eqdf2
                0x000093e8                __nedf2
                0x00009464                __aeabi_cdrcmple
                0x00009474                __aeabi_cdcmple
                0x00009474                __aeabi_cdcmpeq
                0x00009484                __aeabi_dcmpeq
                0x00009498                __aeabi_dcmplt
                0x000094ac                __aeabi_dcmple
                0x000094c0                __aeabi_dcmpge
                0x000094d4                __aeabi_dcmpgt
 .text          0x000094e8       0xa0 /usr/bin/../lib/gcc/arm-none-eabi/4.9.3/armv7-m/libgcc.a(_arm_truncdfsf2.o)
                0x000094e8                __aeabi_d2f
                0x000094e8                __truncdfsf2
 .text          0x00009588      0x21c /usr/bin/../lib/gcc/arm-none-eabi/4.9.3/armv7-m/libgcc.a(_arm_addsubsf3.o)
                0x00009588                __aeabi_frsub
                0x00009590                __subsf3
                0x00009590                __aeabi_fsub
                0x00009594                __aeabi_fadd
                0x00009594                __addsf3
                0x000096f4                __aeabi_ui2f
                0x000096f4                __floatunsisf
                0x000096fc                __aeabi_i2f
                0x000096fc                __floatsisf
                0x00009718                __floatundisf
                0x00009718                __aeabi_ul2f
                0x00009728                __floatdisf
                0x00009728                __aeabi_l2f
 .text          0x000097a4      0x2a0 /usr/bin/../lib/gcc/arm-none-eabi/4.9.3/armv7-m/libgcc.a(_arm_muldivsf3.o)
                0x000097a4                __mulsf3
                0x000097a4                __aeabi_fmul
                0x0000990c                __divsf3
                0x0000990c                __aeabi_fdiv
 .text          0x00009a44       0x4c /usr/bin/../lib/gcc/arm-none-eabi/4.9.3/armv7-m/libgcc.a(_arm_fixsfsi.o)
                0x00009a44                __fixsfsi
                0x00009a44                __aeabi_f2iz
 .text          0x00009a90       0x30 /usr/bin/../lib/gcc/arm-none-eabi/4.9.3/armv7-m/libgcc.a(_aeabi_uldivmod.o)
                0x00009a90                __aeabi_uldivmod
 .text          0x00009ac0       0x60 /usr/bin/../lib/gcc/arm-none-eabi/4.9.3/armv7-m/libgcc.a(bpabi.o)
                0x00009ac0                __gnu_ldivmod_helper
                0x00009af0                __gnu_uldivmod_helper
 .text          0x00009b20        0x4 /usr/bin/../lib/gcc/arm-none-eabi/4.9.3/armv7-m/libgcc.a(_dvmd_tls.o)
                0x00009b20                __aeabi_ldiv0
                0x00009b20                __aeabi_idiv0
 .text          0x00009b24      0x2ac /usr/bin/../lib/gcc/arm-none-eabi/4.9.3/armv7-m/libgcc.a(_divdi3.o)
                0x00009b24                __divdi3
 .text          0x00009dd0      0x270 /usr/bin/../lib/gcc/arm-none-eabi/4.9.3/armv7-m/libgcc.a(_udivdi3.o)
                0x00009dd0                __udivdi3
 .text.__errno  0x0000a040        0xc /usr/bin/../lib/gcc/arm-none-eabi/4.9.3/../../../../arm-none-eabi/lib/armv7-m/libc.a(lib_a-errno.o)
                0x0000a040                __errno
 .text.memcmp   0x0000a04c       0x64 /usr/bin/../lib/gcc/arm-none-eabi/4.9.3/../../../../arm-none-eabi/lib/armv7-m/libc.a(lib_a-memcmp.o)
                0x0000a04c                memcmp
 .text          0x0000a0b0       0xec /usr/bin/../lib/gcc/arm-none-eabi/4.9.3/../../../../arm-none-eabi/lib/armv7-m/libc.a(lib_a-memcpy.o)
                0x0000a0b0                memcpy
 .text.memset   0x0000a19c       0x9c /usr/bin/../lib/gcc/arm-none-eabi/4.9.3/../../../../arm-none-eabi/lib/armv7-m/libc.a(lib_a-memset.o)
                0x0000a19c                memset
 .text.srand    0x0000a238       0x14 /usr/bin/../lib/gcc/arm-none-eabi/4.9.3/../../../../arm-none-eabi/lib/armv7-m/libc.a(lib_a-rand.o)
                0x0000a238                srand
 .text.rand     0x0000a24c       0x40 /usr/bin/../lib/gcc/arm-none-eabi/4.9.3/../../../../arm-none-eabi/lib/armv7-m/libc.a(lib_a-rand.o)
                0x0000a24c                rand
 .text          0x0000a28c      0x1bc /usr/bin/../lib/gcc/arm-none-eabi/4.9.3/../../../../arm-none-eabi/lib/armv7-m/libc.a(lib_a-strcmp.o)
                0x0000a28c                strcmp
 .text.strlen   0x0000a448       0x5c /usr/bin/../lib/gcc/arm-none-eabi/4.9.3/../../../../arm-none-eabi/lib/armv7-m/libc.a(lib_a-strlen.o)
                0x0000a448                strlen
 *(SORT(.rodata*))
 *fill*         0x0000a4a4        0x4 00000000
 .rodata.dp_h   0x0000a4a8       0x10 /usr/bin/../lib/gcc/arm-none-eabi/4.9.3/../../../../arm-none-eabi/lib/armv7-m/libm.a(lib_a-e_pow.o)
 .rodata.dp_l   0x0000a4b8       0x10 /usr/bin/../lib/gcc/arm-none-eabi/4.9.3/../../../../arm-none-eabi/lib/armv7-m/libm.a(lib_a-e_pow.o)
 .rodata.bp     0x0000a4c8       0x10 /usr/bin/../lib/gcc/arm-none-eabi/4.9.3/../../../../arm-none-eabi/lib/armv7-m/libm.a(lib_a-e_pow.o)
 .rodata.TWO52  0x0000a4d8       0x10 /usr/bin/../lib/gcc/arm-none-eabi/4.9.3/../../../../arm-none-eabi/lib/armv7-m/libm.a(lib_a-s_rint.o)
 .rodata.autostart_processes
                0x0000a4e8        0x8 hello-world.co
                0x0000a4e8                autostart_processes
 .rodata.str1.4
                0x0000a4f0       0x70 hello-world.co
                                 0x74 (size before relaxing)
 .rodata.str1.4
                0x0000a560       0xa1 contiki-srf06-cc26xx.a(contiki-main.o)
 *fill*         0x0000a601        0x3 00000000
 .rodata.str1.4
                0x0000a604        0x8 contiki-srf06-cc26xx.a(sensors.o)
 .rodata.str1.4
                0x0000a60c        0x7 contiki-srf06-cc26xx.a(bmp-280-sensor.)
 *fill*         0x0000a613        0x1 00000000
 .rodata.bmp_280_sensor
                0x0000a614       0x10 contiki-srf06-cc26xx.a(bmp-280-sensor.)
                0x0000a614                bmp_280_sensor
 .rodata.tmp_007_sensor
                0x0000a624       0x10 contiki-srf06-cc26xx.a(tmp-007-sensor.)
                0x0000a624                tmp_007_sensor
 .rodata.str1.4
                0x0000a634        0x7 contiki-srf06-cc26xx.a(tmp-007-sensor.)
 *fill*         0x0000a63b        0x1 00000000
 .rodata.str1.4
                0x0000a63c        0x8 contiki-srf06-cc26xx.a(opt-3001-sensor)
 .rodata.opt_3001_sensor
                0x0000a644       0x10 contiki-srf06-cc26xx.a(opt-3001-sensor)
                0x0000a644                opt_3001_sensor
 .rodata.hdc_1000_sensor
                0x0000a654       0x10 contiki-srf06-cc26xx.a(hdc-1000-sensor)
                0x0000a654                hdc_1000_sensor
 .rodata.str1.4
                0x0000a664        0x8 contiki-srf06-cc26xx.a(hdc-1000-sensor)
 .rodata.mpu_9250_sensor
                0x0000a66c       0x10 contiki-srf06-cc26xx.a(mpu-9250-sensor)
                0x0000a66c                mpu_9250_sensor
 .rodata.str1.4
                0x0000a67c        0x8 contiki-srf06-cc26xx.a(mpu-9250-sensor)
 .rodata.str1.4
                0x0000a684        0x7 contiki-srf06-cc26xx.a(button-sensor.o)
 *fill*         0x0000a68b        0x1 00000000
 .rodata.button_left_sensor
                0x0000a68c       0x10 contiki-srf06-cc26xx.a(button-sensor.o)
                0x0000a68c                button_left_sensor
 .rodata.button_right_sensor
                0x0000a69c       0x10 contiki-srf06-cc26xx.a(button-sensor.o)
                0x0000a69c                button_right_sensor
 .rodata.str1.4
                0x0000a6ac        0x5 contiki-srf06-cc26xx.a(reed-relay.o)
 *fill*         0x0000a6b1        0x3 00000000
 .rodata.reed_relay_sensor
                0x0000a6b4       0x10 contiki-srf06-cc26xx.a(reed-relay.o)
                0x0000a6b4                reed_relay_sensor
 .rodata.output_power
                0x0000a6c4       0x68 contiki-srf06-cc26xx.a(ieee-mode.o)
 .rodata.ieee_mode_driver
                0x0000a72c       0x38 contiki-srf06-cc26xx.a(ieee-mode.o)
                0x0000a72c                ieee_mode_driver
 .rodata.mode_ieee
                0x0000a764        0x8 contiki-srf06-cc26xx.a(ieee-mode.o)
 .rodata.str1.4
                0x0000a76c       0x42 contiki-srf06-cc26xx.a(strformat.o)
                                 0x46 (size before relaxing)
 *fill*         0x0000a7ae        0x2 00000000
 .rodata.buffer.4019
                0x0000a7b0       0x10 contiki-srf06-cc26xx.a(strformat.o)
 .rodata.buffer.4028
                0x0000a7c0       0x10 contiki-srf06-cc26xx.a(strformat.o)
 .rodata.str1.4
                0x0000a7d0        0xf contiki-srf06-cc26xx.a(ctimer.o)
 *fill*         0x0000a7df        0x1 00000000
 .rodata.str1.4
                0x0000a7e0        0xc contiki-srf06-cc26xx.a(etimer.o)
 .rodata.str1.4
                0x0000a7ec        0xe contiki-srf06-cc26xx.a(serial-line.o)
 *fill*         0x0000a7fa        0x2 00000000
 .rodata.str1.4
                0x0000a7fc        0x5 contiki-srf06-cc26xx.a(rime.o)
 *fill*         0x0000a801        0x3 00000000
 .rodata.rime_driver
                0x0000a804        0xc contiki-srf06-cc26xx.a(rime.o)
                0x0000a804                rime_driver
 .rodata.linkaddr_null
                0x0000a810        0x2 contiki-srf06-cc26xx.a(linkaddr.o)
                0x0000a810                linkaddr_null
 *fill*         0x0000a812        0x2 00000000
 .rodata.str1.4
                0x0000a814        0x5 contiki-srf06-cc26xx.a(csma.o)
 *fill*         0x0000a819        0x3 00000000
 .rodata.csma_driver
                0x0000a81c       0x1c contiki-srf06-cc26xx.a(csma.o)
                0x0000a81c                csma_driver
 .rodata.str1.4
                0x0000a838        0xb contiki-srf06-cc26xx.a(contikimac.o)
 *fill*         0x0000a843        0x1 00000000
 .rodata.contikimac_driver
                0x0000a844       0x20 contiki-srf06-cc26xx.a(contikimac.o)
                0x0000a844                contikimac_driver
 .rodata.str1.4
                0x0000a864        0x8 contiki-srf06-cc26xx.a(nullsec.o)
 .rodata.nullsec_driver
                0x0000a86c       0x10 contiki-srf06-cc26xx.a(nullsec.o)
                0x0000a86c                nullsec_driver
 .rodata        0x0000a87c        0x4 contiki-srf06-cc26xx.a(ext-flash.o)
 .rodata.str1.4
                0x0000a880       0x46 contiki-srf06-cc26xx.a(rf-core.o)
 *fill*         0x0000a8c6        0x2 00000000
 .rodata.attributes
                0x0000a8c8        0x2 contiki-srf06-cc26xx.a(abc.o)
 *fill*         0x0000a8ca        0x2 00000000
 .rodata.broadcast_callbacks
                0x0000a8cc        0x8 contiki-srf06-cc26xx.a(broadcast-annou)
 .rodata.attributes
                0x0000a8d4        0x4 contiki-srf06-cc26xx.a(broadcast.o)
 .rodata.broadcast
                0x0000a8d8        0x8 contiki-srf06-cc26xx.a(broadcast.o)
 .rodata.framer_802154
                0x0000a8e0        0xc contiki-srf06-cc26xx.a(framer-802154.o)
                0x0000a8e0                framer_802154
 .rodata.chameleon_bitopt
                0x0000a8ec        0xc contiki-srf06-cc26xx.a(chameleon-bitop)
                0x0000a8ec                chameleon_bitopt
 .rodata.bitmask
                0x0000a8f8        0x9 contiki-srf06-cc26xx.a(chameleon-bitop)
 *fill*         0x0000a901        0x3 00000000
 .rodata.str1.4
                0x0000a904        0x4 /usr/bin/../lib/gcc/arm-none-eabi/4.9.3/../../../../arm-none-eabi/lib/armv7-m/libm.a(lib_a-w_pow.o)
 .rodata.str1.4
                0x00000000        0x4 /usr/bin/../lib/gcc/arm-none-eabi/4.9.3/../../../../arm-none-eabi/lib/armv7-m/libm.a(lib_a-e_pow.o)
                                  0x1 (size before relaxing)
 .rodata.str1.4
                0x0000a908        0x4 /usr/bin/../lib/gcc/arm-none-eabi/4.9.3/../../../../arm-none-eabi/lib/armv7-m/libc.a(lib_a-impure.o)
                                  0x2 (size before relaxing)
                0x0000a90c                _etext = .

.glue_7         0x0000a90c        0x0
 .glue_7        0x00000000        0x0 linker stubs

.glue_7t        0x0000a90c        0x0
 .glue_7t       0x00000000        0x0 linker stubs

.vfp11_veneer   0x0000a90c        0x0
 .vfp11_veneer  0x00000000        0x0 linker stubs

.v4_bx          0x0000a90c        0x0
 .v4_bx         0x00000000        0x0 linker stubs

.iplt           0x0000a90c        0x0
 .iplt          0x00000000        0x0 obj_srf06-cc26xx/startup_gcc.o

.data           0x20000000      0x57c load address 0x0000a90c
                0x20000000                _data = .
 *(SORT(vtable))
 *(SORT(.data*))
 .data.impure_data
                0x20000000      0x428 /usr/bin/../lib/gcc/arm-none-eabi/4.9.3/../../../../arm-none-eabi/lib/armv7-m/libc.a(lib_a-impure.o)
 .data.hello_world_process
                0x20000428       0x10 hello-world.co
                0x20000428                hello_world_process
 .data.buz_freq
                0x20000438        0x4 hello-world.co
                0x20000438                buz_freq
 .data.sensors_process
                0x2000043c       0x10 contiki-srf06-cc26xx.a(sensors.o)
                0x2000043c                sensors_process
 .data.sensors  0x2000044c       0x24 contiki-srf06-cc26xx.a(sensortag-senso)
                0x2000044c                sensors
 .data.buzzer_module
                0x20000470       0x14 contiki-srf06-cc26xx.a(buzzer.o)
 .data.sensortag_module
                0x20000484       0x14 contiki-srf06-cc26xx.a(board.o)
 .data.uart_module
                0x20000498       0x14 contiki-srf06-cc26xx.a(cc26xx-uart.o)
 .data.cc26xx_rf_lpm_module
                0x200004ac       0x14 contiki-srf06-cc26xx.a(ieee-mode.o)
 .data.tx_power_current
                0x200004c0        0x4 contiki-srf06-cc26xx.a(ieee-mode.o)
                0x200004c0                tx_power_current
 .data.ieee_overrides
                0x200004c4       0x2c contiki-srf06-cc26xx.a(ieee-mode.o)
 .data.ctxt     0x200004f0        0x8 contiki-srf06-cc26xx.a(dbg-printf.o)
 .data.ctimer_process
                0x200004f8       0x10 contiki-srf06-cc26xx.a(ctimer.o)
                0x200004f8                ctimer_process
 .data.etimer_process
                0x20000508       0x10 contiki-srf06-cc26xx.a(etimer.o)
                0x20000508                etimer_process
 .data.serial_line_process
                0x20000518       0x10 contiki-srf06-cc26xx.a(serial-line.o)
                0x20000518                serial_line_process
 .data.bufmem   0x20000528        0xc contiki-srf06-cc26xx.a(queuebuf.o)
 .data.buframmem
                0x20000534        0xc contiki-srf06-cc26xx.a(queuebuf.o)
 .data.metadata_memb
                0x20000540        0xc contiki-srf06-cc26xx.a(csma.o)
 .data.neighbor_memb
                0x2000054c        0xc contiki-srf06-cc26xx.a(csma.o)
 .data.packet_memb
                0x20000558        0xc contiki-srf06-cc26xx.a(csma.o)
 .data.rf_core_process
                0x20000564       0x10 contiki-srf06-cc26xx.a(rf-core.o)
                0x20000564                rf_core_process
 .data._impure_ptr
                0x20000574        0x4 /usr/bin/../lib/gcc/arm-none-eabi/4.9.3/../../../../arm-none-eabi/lib/armv7-m/libc.a(lib_a-impure.o)
                0x20000574                _impure_ptr
 .data.mac_pan_id
                0x20000578        0x2 contiki-srf06-cc26xx.a(frame802154.o)
 .data.interface
                0x2000057a        0x1 contiki-srf06-cc26xx.a(board-i2c.o)
 .data.__fdlib_version
                0x2000057b        0x1 /usr/bin/../lib/gcc/arm-none-eabi/4.9.3/../../../../arm-none-eabi/lib/armv7-m/libm.a(lib_a-s_lib_ver.o)
                0x2000057b                __fdlib_version
                0x2000057c                _edata = .

.igot.plt       0x2000057c        0x0 load address 0x0000ae88
 .igot.plt      0x00000000        0x0 obj_srf06-cc26xx/startup_gcc.o

.ARM.exidx      0x0000ae88        0x8
 *(SORT(.ARM.exidx*))
 .ARM.exidx     0x0000ae88        0x8 /usr/bin/../lib/gcc/arm-none-eabi/4.9.3/armv7-m/libgcc.a(_divdi3.o)
 .ARM.exidx     0x0000ae90        0x0 /usr/bin/../lib/gcc/arm-none-eabi/4.9.3/armv7-m/libgcc.a(_udivdi3.o)
                                  0x8 (size before relaxing)

.bss            0x20000580     0x121e
                0x20000580                _bss = .
 *(SORT(.bss*))
 .bss.count     0x20000580        0x8 contiki-srf06-cc26xx.a(clock.o)
 .bss.timer_green_ctimer
                0x20000588       0x20 hello-world.co
 .bss.timer_red_ctimer
                0x200005a8       0x20 hello-world.co
 .bss.timer_all_ctimer
                0x200005c8       0x20 hello-world.co
 .bss.timer_buzz_ctimer
                0x200005e8       0x20 hello-world.co
 .bss.i.4813    0x20000608        0x4 contiki-srf06-cc26xx.a(sensors.o)
 .bss.events.4814
                0x2000060c        0x4 contiki-srf06-cc26xx.a(sensors.o)
 .bss.inited    0x20000610        0x4 contiki-srf06-cc26xx.a(leds-arch.o)
 .bss.sensor_value
                0x20000614        0x6 contiki-srf06-cc26xx.a(bmp-280-sensor.)
 *fill*         0x2000061a        0x2 
 .bss.calibration_data
                0x2000061c       0x18 contiki-srf06-cc26xx.a(bmp-280-sensor.)
 .bss.startup_timer
                0x20000634       0x20 contiki-srf06-cc26xx.a(bmp-280-sensor.)
 .bss.enabled   0x20000654        0x4 contiki-srf06-cc26xx.a(bmp-280-sensor.)
 .bss.obj_temp_latched
                0x20000658        0x4 contiki-srf06-cc26xx.a(tmp-007-sensor.)
 .bss.startup_timer
                0x2000065c       0x20 contiki-srf06-cc26xx.a(tmp-007-sensor.)
 .bss.enabled   0x2000067c        0x4 contiki-srf06-cc26xx.a(tmp-007-sensor.)
 .bss.buf       0x20000680        0x4 contiki-srf06-cc26xx.a(tmp-007-sensor.)
 .bss.amb_temp_latched
                0x20000684        0x4 contiki-srf06-cc26xx.a(tmp-007-sensor.)
 .bss.startup_timer
                0x20000688       0x20 contiki-srf06-cc26xx.a(opt-3001-sensor)
 .bss.state     0x200006a8        0x4 contiki-srf06-cc26xx.a(opt-3001-sensor)
 .bss.startup_timer
                0x200006ac       0x20 contiki-srf06-cc26xx.a(hdc-1000-sensor)
 .bss.enabled   0x200006cc        0x4 contiki-srf06-cc26xx.a(hdc-1000-sensor)
 .bss.data      0x200006d0        0x4 contiki-srf06-cc26xx.a(hdc-1000-sensor)
 .bss.sensor_value
                0x200006d4        0x6 contiki-srf06-cc26xx.a(mpu-9250-sensor)
 *fill*         0x200006da        0x2 
 .bss.startup_timer
                0x200006dc       0x20 contiki-srf06-cc26xx.a(mpu-9250-sensor)
 .bss.state     0x200006fc        0x4 contiki-srf06-cc26xx.a(mpu-9250-sensor)
 .bss.elements  0x20000700        0x4 contiki-srf06-cc26xx.a(mpu-9250-sensor)
 .bss.left_timer
                0x20000704       0x10 contiki-srf06-cc26xx.a(button-sensor.o)
 .bss.debouncetimer
                0x20000714        0x8 contiki-srf06-cc26xx.a(reed-relay.o)
 .bss.last_isr_time
                0x2000071c        0x4 contiki-srf06-cc26xx.a(soc-rtc.o)
 .bss.input_handler
                0x20000720        0x4 contiki-srf06-cc26xx.a(cc26xx-uart.o)
 .bss.modules_list_list
                0x20000724        0x4 contiki-srf06-cc26xx.a(lpm.o)
 .bss.handlers  0x20000728       0x80 contiki-srf06-cc26xx.a(gpio-interrupt.)
 .bss.rf_stats  0x200007a8       0x10 contiki-srf06-cc26xx.a(ieee-mode.o)
 .bss.rx_data_queue
                0x200007b8        0x8 contiki-srf06-cc26xx.a(ieee-mode.o)
 .bss.rx_read_entry
                0x200007c0        0x4 contiki-srf06-cc26xx.a(ieee-mode.o)
 .bss.cmd_ieee_rx_buf
                0x200007c4       0x80 contiki-srf06-cc26xx.a(ieee-mode.o)
 .bss.tx_buf    0x20000844       0xb6 contiki-srf06-cc26xx.a(ieee-mode.o)
 *fill*         0x200008fa        0x2 
 .bss.rx_buf_1  0x200008fc       0x8c contiki-srf06-cc26xx.a(ieee-mode.o)
 .bss.rx_buf_0  0x20000988       0x8c contiki-srf06-cc26xx.a(ieee-mode.o)
 .bss.rx_buf_2  0x20000a14       0x8c contiki-srf06-cc26xx.a(ieee-mode.o)
 .bss.rx_buf_3  0x20000aa0       0x8c contiki-srf06-cc26xx.a(ieee-mode.o)
 .bss.ctimer_list_list
                0x20000b2c        0x4 contiki-srf06-cc26xx.a(ctimer.o)
 .bss.timerlist
                0x20000b30        0x4 contiki-srf06-cc26xx.a(etimer.o)
 .bss.next_expiration
                0x20000b34        0x4 contiki-srf06-cc26xx.a(etimer.o)
 .bss.p.5177    0x20000b38        0x4 contiki-srf06-cc26xx.a(process.o)
 .bss.process_current
                0x20000b3c        0x4 contiki-srf06-cc26xx.a(process.o)
                0x20000b3c                process_current
 .bss.process_list
                0x20000b40        0x4 contiki-srf06-cc26xx.a(process.o)
                0x20000b40                process_list
 .bss.events    0x20000b44      0x180 contiki-srf06-cc26xx.a(process.o)
 .bss.data.5175
                0x20000cc4        0x4 contiki-srf06-cc26xx.a(process.o)
 .bss.receiver.5176
                0x20000cc8        0x4 contiki-srf06-cc26xx.a(process.o)
 .bss.next_rtimer
                0x20000ccc        0x4 contiki-srf06-cc26xx.a(rtimer.o)
 .bss.rxbuf_data
                0x20000cd0       0x80 contiki-srf06-cc26xx.a(serial-line.o)
 .bss.rxbuf     0x20000d50        0x8 contiki-srf06-cc26xx.a(serial-line.o)
 .bss.buf.4797  0x20000d58       0x80 contiki-srf06-cc26xx.a(serial-line.o)
 .bss.ptr.4798  0x20000dd8        0x4 contiki-srf06-cc26xx.a(serial-line.o)
 .bss.sniffers_list
                0x20000ddc        0x4 contiki-srf06-cc26xx.a(rime.o)
 .bss.powerQualGlobals
                0x20000de0        0x8 contiki-srf06-cc26xx.a(sys_ctrl.o)
 .bss.packetbufptr
                0x20000de8        0x4 contiki-srf06-cc26xx.a(packetbuf.o)
 .bss.packetbuf_aligned
                0x20000dec       0xb0 contiki-srf06-cc26xx.a(packetbuf.o)
 .bss.buframmem_memb_count
                0x20000e9c        0x8 contiki-srf06-cc26xx.a(queuebuf.o)
 .bss.bufmem_memb_mem
                0x20000ea4       0x20 contiki-srf06-cc26xx.a(queuebuf.o)
 .bss.buframmem_memb_mem
                0x20000ec4      0x5f0 contiki-srf06-cc26xx.a(queuebuf.o)
 .bss.bufmem_memb_count
                0x200014b4        0x8 contiki-srf06-cc26xx.a(queuebuf.o)
 .bss.metadata_memb_memb_count
                0x200014bc        0x8 contiki-srf06-cc26xx.a(csma.o)
 .bss.packet_memb_memb_count
                0x200014c4        0x8 contiki-srf06-cc26xx.a(csma.o)
 .bss.metadata_memb_memb_mem
                0x200014cc       0x60 contiki-srf06-cc26xx.a(csma.o)
 .bss.neighbor_list_list
                0x2000152c        0x4 contiki-srf06-cc26xx.a(csma.o)
 .bss.packet_memb_memb_mem
                0x20001530       0x60 contiki-srf06-cc26xx.a(csma.o)
 .bss.neighbor_memb_memb_count
                0x20001590        0x2 contiki-srf06-cc26xx.a(csma.o)
 *fill*         0x20001592        0x2 
 .bss.neighbor_memb_memb_mem
                0x20001594       0x68 contiki-srf06-cc26xx.a(csma.o)
 .bss.cycle_start
                0x200015fc        0x4 contiki-srf06-cc26xx.a(contikimac.o)
 .bss.we_are_receiving_burst
                0x20001600        0x4 contiki-srf06-cc26xx.a(contikimac.o)
 .bss.rt        0x20001604        0xc contiki-srf06-cc26xx.a(contikimac.o)
 .bss.ct.7059   0x20001610       0x20 contiki-srf06-cc26xx.a(contikimac.o)
 .bss.pt        0x20001630        0x2 contiki-srf06-cc26xx.a(contikimac.o)
 *fill*         0x20001632        0x2 
 .bss.start.6984
                0x20001634        0x4 contiki-srf06-cc26xx.a(contikimac.o)
 .bss.buffer    0x20001638       0x20 contiki-srf06-cc26xx.a(sensor-common.o)
 .bss.last_radio_op
                0x20001658        0x4 contiki-srf06-cc26xx.a(rf-core.o)
 .bss.primary_mode
                0x2000165c        0x4 contiki-srf06-cc26xx.a(rf-core.o)
 .bss.announcements_list
                0x20001660        0x4 contiki-srf06-cc26xx.a(announcement.o)
 .bss.observer_callback
                0x20001664        0x4 contiki-srf06-cc26xx.a(announcement.o)
 .bss.c         0x20001668       0x6c contiki-srf06-cc26xx.a(broadcast-annou)
 .bss.channel_list_list
                0x200016d4        0x4 contiki-srf06-cc26xx.a(channel.o)
 .bss.received_seqnos
                0x200016d8       0x40 contiki-srf06-cc26xx.a(mac-sequence.o)
 .bss.val       0x20001718        0x2 contiki-srf06-cc26xx.a(tmp-007-sensor.)
 .bss.raw_temp  0x2000171a        0x2 contiki-srf06-cc26xx.a(hdc-1000-sensor)
 .bss.raw_hum   0x2000171c        0x2 contiki-srf06-cc26xx.a(hdc-1000-sensor)
 .bss.buflen    0x2000171e        0x2 contiki-srf06-cc26xx.a(packetbuf.o)
 .bss.bufptr    0x20001720        0x2 contiki-srf06-cc26xx.a(packetbuf.o)
 .bss.seqno.6234
                0x20001722        0x2 contiki-srf06-cc26xx.a(csma.o)
 .bss.buz_state
                0x20001724        0x1 hello-world.co
                0x20001724                buz_state
 .bss.led_red_state
                0x20001725        0x1 hello-world.co
                0x20001725                led_red_state
 .bss.buzz_counter
                0x20001726        0x1 hello-world.co
                0x20001726                buzz_counter
 .bss.led_all_state
                0x20001727        0x1 hello-world.co
                0x20001727                led_all_state
 .bss.led_green_state
                0x20001728        0x1 hello-world.co
                0x20001728                led_green_state
 .bss.num_sensors
                0x20001729        0x1 contiki-srf06-cc26xx.a(sensors.o)
 .bss.leds      0x2000172a        0x1 contiki-srf06-cc26xx.a(leds.o)
 .bss.c         0x2000172b        0x1 contiki-srf06-cc26xx.a(leds-arch.o)
 .bss.success   0x2000172c        0x1 contiki-srf06-cc26xx.a(hdc-1000-sensor)
 .bss.interrupt_status
                0x2000172d        0x1 contiki-srf06-cc26xx.a(mpu-9250-sensor)
 .bss.acc_range_reg
                0x2000172e        0x1 contiki-srf06-cc26xx.a(mpu-9250-sensor)
 .bss.mpu_config
                0x2000172f        0x1 contiki-srf06-cc26xx.a(mpu-9250-sensor)
 .bss.acc_range
                0x20001730        0x1 contiki-srf06-cc26xx.a(mpu-9250-sensor)
 .bss.val       0x20001731        0x1 contiki-srf06-cc26xx.a(mpu-9250-sensor)
 .bss.buzzer_on
                0x20001732        0x1 contiki-srf06-cc26xx.a(buzzer.o)
 .bss.slave_addr
                0x20001733        0x1 contiki-srf06-cc26xx.a(board-i2c.o)
 .bss.initialized
                0x20001734        0x1 contiki-srf06-cc26xx.a(ctimer.o)
 .bss.fevent    0x20001735        0x1 contiki-srf06-cc26xx.a(process.o)
 .bss.ev.5174   0x20001736        0x1 contiki-srf06-cc26xx.a(process.o)
 .bss.nevents   0x20001737        0x1 contiki-srf06-cc26xx.a(process.o)
 .bss.snum.5192
                0x20001738        0x1 contiki-srf06-cc26xx.a(process.o)
 .bss.poll_requested
                0x20001739        0x1 contiki-srf06-cc26xx.a(process.o)
 .bss.lastevent
                0x2000173a        0x1 contiki-srf06-cc26xx.a(process.o)
 .bss.overflow.4791
                0x2000173b        0x1 contiki-srf06-cc26xx.a(serial-line.o)
 .bss.hdrptr    0x2000173c        0x1 contiki-srf06-cc26xx.a(packetbuf.o)
 .bss.initialized.6233
                0x2000173d        0x1 contiki-srf06-cc26xx.a(csma.o)
 .bss.count.6979
                0x2000173e        0x1 contiki-srf06-cc26xx.a(contikimac.o)
 .bss.periods.6986
                0x2000173f        0x1 contiki-srf06-cc26xx.a(contikimac.o)
 .bss.radio_is_on
                0x20001740        0x1 contiki-srf06-cc26xx.a(contikimac.o)
 .bss.we_are_sending
                0x20001741        0x1 contiki-srf06-cc26xx.a(contikimac.o)
 .bss.contikimac_keep_radio_on
                0x20001742        0x1 contiki-srf06-cc26xx.a(contikimac.o)
 .bss.silence_periods.6985
                0x20001743        0x1 contiki-srf06-cc26xx.a(contikimac.o)
 .bss.contikimac_is_on
                0x20001744        0x1 contiki-srf06-cc26xx.a(contikimac.o)
 .bss.packet_seen.6978
                0x20001745        0x1 contiki-srf06-cc26xx.a(contikimac.o)
 .bss.ble_mode_on
                0x20001746        0x1 contiki-srf06-cc26xx.a(rf-ble.o)
 .bss.mac_dsn   0x20001747        0x1 contiki-srf06-cc26xx.a(framer-802154.o)
 .bss.initialized
                0x20001748        0x1 contiki-srf06-cc26xx.a(framer-802154.o)
 *(SORT(COMMON))
 *fill*         0x20001749        0x3 
 COMMON         0x2000174c        0x9 contiki-srf06-cc26xx.a(sensortag-senso)
                0x2000174c                sensors_flags
 *fill*         0x20001755        0x3 
 COMMON         0x20001758        0x4 contiki-srf06-cc26xx.a(mpu-9250-sensor)
                0x20001758                t0
 COMMON         0x2000175c        0x2 contiki-srf06-cc26xx.a(linkaddr.o)
                0x2000175c                linkaddr_node_addr
 *fill*         0x2000175e        0x2 
 COMMON         0x20001760       0x3c contiki-srf06-cc26xx.a(packetbuf.o)
                0x20001760                packetbuf_addrs
                0x20001768                packetbuf_attrs
 COMMON         0x2000179c        0x1 contiki-srf06-cc26xx.a(sensors.o)
                0x2000179c                sensors_event
 COMMON         0x2000179d        0x1 contiki-srf06-cc26xx.a(serial-line.o)
                0x2000179d                serial_line_event_message
                0x2000179e                _ebss = .

.ccfg           0x0001ffa8       0x58
 *(SORT(.ccfg))
 .ccfg          0x0001ffa8       0x58 obj_srf06-cc26xx/ccfg.o
                0x0001ffa8                __ccfg

.rel.dyn        0x00020000        0x0
 .rel.iplt      0x00000000        0x0 obj_srf06-cc26xx/startup_gcc.o

._user_heap_stack
                0x2000179e      0x102
                0x200017a0                . = ALIGN (0x4)
 *fill*         0x2000179e        0x2 
                0x200017a0                . = (. + _Min_Heap_Size)
                0x200018a0                . = (. + _Min_Stack_Size)
 *fill*         0x200017a0      0x100 
                0x200018a0                . = ALIGN (0x4)

.gpram
OUTPUT(hello-world.elf elf32-littlearm)

.comment        0x00000000       0x70
 .comment       0x00000000       0x70 obj_srf06-cc26xx/fault-handlers.o
                                 0x71 (size before relaxing)
 .comment       0x00000000       0x71 obj_srf06-cc26xx/ccfg.o
 .comment       0x00000000       0x71 obj_srf06-cc26xx/startup_gcc.o
 .comment       0x00000000       0x71 hello-world.co
 .comment       0x00000000       0x71 contiki-srf06-cc26xx.a(contiki-main.o)
 .comment       0x00000000       0x71 contiki-srf06-cc26xx.a(sensors.o)
 .comment       0x00000000       0x71 contiki-srf06-cc26xx.a(leds.o)
 .comment       0x00000000       0x71 contiki-srf06-cc26xx.a(leds-arch.o)
 .comment       0x00000000       0x71 contiki-srf06-cc26xx.a(sensortag-senso)
 .comment       0x00000000       0x71 contiki-srf06-cc26xx.a(bmp-280-sensor.)
 .comment       0x00000000       0x71 contiki-srf06-cc26xx.a(tmp-007-sensor.)
 .comment       0x00000000       0x71 contiki-srf06-cc26xx.a(opt-3001-sensor)
 .comment       0x00000000       0x71 contiki-srf06-cc26xx.a(hdc-1000-sensor)
 .comment       0x00000000       0x71 contiki-srf06-cc26xx.a(mpu-9250-sensor)
 .comment       0x00000000       0x71 contiki-srf06-cc26xx.a(button-sensor.o)
 .comment       0x00000000       0x71 contiki-srf06-cc26xx.a(reed-relay.o)
 .comment       0x00000000       0x71 contiki-srf06-cc26xx.a(buzzer.o)
 .comment       0x00000000       0x71 contiki-srf06-cc26xx.a(board.o)
 .comment       0x00000000       0x71 contiki-srf06-cc26xx.a(board-i2c.o)
 .comment       0x00000000       0x71 contiki-srf06-cc26xx.a(clock.o)
 .comment       0x00000000       0x71 contiki-srf06-cc26xx.a(rtimer-arch.o)
 .comment       0x00000000       0x71 contiki-srf06-cc26xx.a(soc-rtc.o)
 .comment       0x00000000       0x71 contiki-srf06-cc26xx.a(contiki-watchdo)
 .comment       0x00000000       0x71 contiki-srf06-cc26xx.a(putchar.o)
 .comment       0x00000000       0x71 contiki-srf06-cc26xx.a(ieee-addr.o)
 .comment       0x00000000       0x71 contiki-srf06-cc26xx.a(cc26xx-uart.o)
 .comment       0x00000000       0x71 contiki-srf06-cc26xx.a(lpm.o)
 .comment       0x00000000       0x71 contiki-srf06-cc26xx.a(gpio-interrupt.)
 .comment       0x00000000       0x71 contiki-srf06-cc26xx.a(oscillators.o)
 .comment       0x00000000       0x71 contiki-srf06-cc26xx.a(ieee-mode.o)
 .comment       0x00000000       0x71 contiki-srf06-cc26xx.a(dbg-printf.o)
 .comment       0x00000000       0x71 contiki-srf06-cc26xx.a(strformat.o)
 .comment       0x00000000       0x71 contiki-srf06-cc26xx.a(autostart.o)
 .comment       0x00000000       0x71 contiki-srf06-cc26xx.a(ctimer.o)
 .comment       0x00000000       0x71 contiki-srf06-cc26xx.a(energest.o)
 .comment       0x00000000       0x71 contiki-srf06-cc26xx.a(etimer.o)
 .comment       0x00000000       0x71 contiki-srf06-cc26xx.a(process.o)
 .comment       0x00000000       0x71 contiki-srf06-cc26xx.a(rtimer.o)
 .comment       0x00000000       0x71 contiki-srf06-cc26xx.a(timer.o)
 .comment       0x00000000       0x71 contiki-srf06-cc26xx.a(serial-line.o)
 .comment       0x00000000       0x71 contiki-srf06-cc26xx.a(list.o)
 .comment       0x00000000       0x71 contiki-srf06-cc26xx.a(random.o)
 .comment       0x00000000       0x71 contiki-srf06-cc26xx.a(ringbuf.o)
 .comment       0x00000000       0x71 contiki-srf06-cc26xx.a(rime.o)
 .comment       0x00000000       0x71 contiki-srf06-cc26xx.a(aon_rtc.o)
 .comment       0x00000000       0x71 contiki-srf06-cc26xx.a(cpu.o)
 .comment       0x00000000       0x71 contiki-srf06-cc26xx.a(ddi.o)
 .comment       0x00000000       0x71 contiki-srf06-cc26xx.a(osc.o)
 .comment       0x00000000       0x71 contiki-srf06-cc26xx.a(pwr_ctrl.o)
 .comment       0x00000000       0x71 contiki-srf06-cc26xx.a(setup.o)
 .comment       0x00000000       0x71 contiki-srf06-cc26xx.a(sys_ctrl.o)
 .comment       0x00000000       0x71 contiki-srf06-cc26xx.a(linkaddr.o)
 .comment       0x00000000       0x71 contiki-srf06-cc26xx.a(netstack.o)
 .comment       0x00000000       0x71 contiki-srf06-cc26xx.a(packetbuf.o)
 .comment       0x00000000       0x71 contiki-srf06-cc26xx.a(queuebuf.o)
 .comment       0x00000000       0x71 contiki-srf06-cc26xx.a(csma.o)
 .comment       0x00000000       0x71 contiki-srf06-cc26xx.a(mac.o)
 .comment       0x00000000       0x71 contiki-srf06-cc26xx.a(contikimac.o)
 .comment       0x00000000       0x71 contiki-srf06-cc26xx.a(nullsec.o)
 .comment       0x00000000       0x71 contiki-srf06-cc26xx.a(sensor-common.o)
 .comment       0x00000000       0x71 contiki-srf06-cc26xx.a(ext-flash.o)
 .comment       0x00000000       0x71 contiki-srf06-cc26xx.a(board-spi.o)
 .comment       0x00000000       0x71 contiki-srf06-cc26xx.a(rf-core.o)
 .comment       0x00000000       0x71 contiki-srf06-cc26xx.a(rf-ble.o)
 .comment       0x00000000       0x71 contiki-srf06-cc26xx.a(memb.o)
 .comment       0x00000000       0x71 contiki-srf06-cc26xx.a(abc.o)
 .comment       0x00000000       0x71 contiki-srf06-cc26xx.a(announcement.o)
 .comment       0x00000000       0x71 contiki-srf06-cc26xx.a(broadcast-annou)
 .comment       0x00000000       0x71 contiki-srf06-cc26xx.a(broadcast.o)
 .comment       0x00000000       0x71 contiki-srf06-cc26xx.a(chameleon.o)
 .comment       0x00000000       0x71 contiki-srf06-cc26xx.a(channel.o)
 .comment       0x00000000       0x71 contiki-srf06-cc26xx.a(aon_batmon.o)
 .comment       0x00000000       0x71 contiki-srf06-cc26xx.a(chipinfo.o)
 .comment       0x00000000       0x71 contiki-srf06-cc26xx.a(framer-802154.o)
 .comment       0x00000000       0x71 contiki-srf06-cc26xx.a(mac-sequence.o)
 .comment       0x00000000       0x71 contiki-srf06-cc26xx.a(chameleon-bitop)
 .comment       0x00000000       0x71 contiki-srf06-cc26xx.a(frame802154.o)

.ARM.attributes
                0x00000000       0x31
 .ARM.attributes
                0x00000000       0x33 obj_srf06-cc26xx/fault-handlers.o
 .ARM.attributes
                0x00000033       0x33 obj_srf06-cc26xx/ccfg.o
 .ARM.attributes
                0x00000066       0x33 obj_srf06-cc26xx/startup_gcc.o
 .ARM.attributes
                0x00000099       0x33 hello-world.co
 .ARM.attributes
                0x000000cc       0x33 contiki-srf06-cc26xx.a(contiki-main.o)
 .ARM.attributes
                0x000000ff       0x33 contiki-srf06-cc26xx.a(sensors.o)
 .ARM.attributes
                0x00000132       0x33 contiki-srf06-cc26xx.a(leds.o)
 .ARM.attributes
                0x00000165       0x33 contiki-srf06-cc26xx.a(leds-arch.o)
 .ARM.attributes
                0x00000198       0x33 contiki-srf06-cc26xx.a(sensortag-senso)
 .ARM.attributes
                0x000001cb       0x33 contiki-srf06-cc26xx.a(bmp-280-sensor.)
 .ARM.attributes
                0x000001fe       0x33 contiki-srf06-cc26xx.a(tmp-007-sensor.)
 .ARM.attributes
                0x00000231       0x33 contiki-srf06-cc26xx.a(opt-3001-sensor)
 .ARM.attributes
                0x00000264       0x33 contiki-srf06-cc26xx.a(hdc-1000-sensor)
 .ARM.attributes
                0x00000297       0x33 contiki-srf06-cc26xx.a(mpu-9250-sensor)
 .ARM.attributes
                0x000002ca       0x33 contiki-srf06-cc26xx.a(button-sensor.o)
 .ARM.attributes
                0x000002fd       0x33 contiki-srf06-cc26xx.a(reed-relay.o)
 .ARM.attributes
                0x00000330       0x33 contiki-srf06-cc26xx.a(buzzer.o)
 .ARM.attributes
                0x00000363       0x33 contiki-srf06-cc26xx.a(board.o)
 .ARM.attributes
                0x00000396       0x33 contiki-srf06-cc26xx.a(board-i2c.o)
 .ARM.attributes
                0x000003c9       0x33 contiki-srf06-cc26xx.a(clock.o)
 .ARM.attributes
                0x000003fc       0x33 contiki-srf06-cc26xx.a(rtimer-arch.o)
 .ARM.attributes
                0x0000042f       0x33 contiki-srf06-cc26xx.a(soc-rtc.o)
 .ARM.attributes
                0x00000462       0x33 contiki-srf06-cc26xx.a(contiki-watchdo)
 .ARM.attributes
                0x00000495       0x33 contiki-srf06-cc26xx.a(putchar.o)
 .ARM.attributes
                0x000004c8       0x33 contiki-srf06-cc26xx.a(ieee-addr.o)
 .ARM.attributes
                0x000004fb       0x33 contiki-srf06-cc26xx.a(cc26xx-uart.o)
 .ARM.attributes
                0x0000052e       0x33 contiki-srf06-cc26xx.a(lpm.o)
 .ARM.attributes
                0x00000561       0x33 contiki-srf06-cc26xx.a(gpio-interrupt.)
 .ARM.attributes
                0x00000594       0x33 contiki-srf06-cc26xx.a(oscillators.o)
 .ARM.attributes
                0x000005c7       0x33 contiki-srf06-cc26xx.a(ieee-mode.o)
 .ARM.attributes
                0x000005fa       0x33 contiki-srf06-cc26xx.a(dbg-printf.o)
 .ARM.attributes
                0x0000062d       0x33 contiki-srf06-cc26xx.a(strformat.o)
 .ARM.attributes
                0x00000660       0x33 contiki-srf06-cc26xx.a(autostart.o)
 .ARM.attributes
                0x00000693       0x33 contiki-srf06-cc26xx.a(ctimer.o)
 .ARM.attributes
                0x000006c6       0x33 contiki-srf06-cc26xx.a(energest.o)
 .ARM.attributes
                0x000006f9       0x33 contiki-srf06-cc26xx.a(etimer.o)
 .ARM.attributes
                0x0000072c       0x33 contiki-srf06-cc26xx.a(process.o)
 .ARM.attributes
                0x0000075f       0x33 contiki-srf06-cc26xx.a(rtimer.o)
 .ARM.attributes
                0x00000792       0x33 contiki-srf06-cc26xx.a(timer.o)
 .ARM.attributes
                0x000007c5       0x33 contiki-srf06-cc26xx.a(serial-line.o)
 .ARM.attributes
                0x000007f8       0x33 contiki-srf06-cc26xx.a(list.o)
 .ARM.attributes
                0x0000082b       0x33 contiki-srf06-cc26xx.a(random.o)
 .ARM.attributes
                0x0000085e       0x33 contiki-srf06-cc26xx.a(ringbuf.o)
 .ARM.attributes
                0x00000891       0x33 contiki-srf06-cc26xx.a(rime.o)
 .ARM.attributes
                0x000008c4       0x33 contiki-srf06-cc26xx.a(aon_rtc.o)
 .ARM.attributes
                0x000008f7       0x33 contiki-srf06-cc26xx.a(cpu.o)
 .ARM.attributes
                0x0000092a       0x33 contiki-srf06-cc26xx.a(ddi.o)
 .ARM.attributes
                0x0000095d       0x33 contiki-srf06-cc26xx.a(osc.o)
 .ARM.attributes
                0x00000990       0x33 contiki-srf06-cc26xx.a(pwr_ctrl.o)
 .ARM.attributes
                0x000009c3       0x33 contiki-srf06-cc26xx.a(setup.o)
 .ARM.attributes
                0x000009f6       0x33 contiki-srf06-cc26xx.a(sys_ctrl.o)
 .ARM.attributes
                0x00000a29       0x33 contiki-srf06-cc26xx.a(linkaddr.o)
 .ARM.attributes
                0x00000a5c       0x33 contiki-srf06-cc26xx.a(netstack.o)
 .ARM.attributes
                0x00000a8f       0x33 contiki-srf06-cc26xx.a(packetbuf.o)
 .ARM.attributes
                0x00000ac2       0x33 contiki-srf06-cc26xx.a(queuebuf.o)
 .ARM.attributes
                0x00000af5       0x33 contiki-srf06-cc26xx.a(csma.o)
 .ARM.attributes
                0x00000b28       0x33 contiki-srf06-cc26xx.a(mac.o)